Archive member included to satisfy reference by file (symbol)

c:/nxp/s32ds_arm_v2.2/s32ds/build_tools/gcc_v6.3/gcc-6.3-arm32-eabi/bin/../lib/gcc/arm-none-eabi/6.3.1/thumb/v7e-m/fpv4-sp/hard\libgcc.a(_arm_addsubdf3.o)
                              ./Conmunication_Matrix/CAN_1/DLL/DBCResolver1_ert_rtw/DBCResolver1.o (__aeabi_dsub)
c:/nxp/s32ds_arm_v2.2/s32ds/build_tools/gcc_v6.3/gcc-6.3-arm32-eabi/bin/../lib/gcc/arm-none-eabi/6.3.1/thumb/v7e-m/fpv4-sp/hard\libgcc.a(_arm_cmpdf2.o)
                              ./Conmunication_Matrix/CAN_1/DLL/DBCResolver1_ert_rtw/DBCResolver1.o (__aeabi_dcmpeq)
c:/nxp/s32ds_arm_v2.2/s32ds/build_tools/gcc_v6.3/gcc-6.3-arm32-eabi/bin/../lib/gcc/arm-none-eabi/6.3.1/thumb/v7e-m/fpv4-sp/hard\libgcc.a(_arm_fixdfsi.o)
                              ./Conmunication_Matrix/CAN_1/DLL/DBCResolver1_ert_rtw/DBCResolver1.o (__aeabi_d2iz)
c:/nxp/s32ds_arm_v2.2/s32ds/build_tools/gcc_v6.3/gcc-6.3-arm32-eabi/bin/../lib/gcc/arm-none-eabi/6.3.1/thumb/v7e-m/fpv4-sp/hard\libgcc.a(_arm_fixunsdfsi.o)
                              ./Conmunication_Matrix/CAN_1/DLL/DBCResolver1_ert_rtw/DBCResolver1.o (__aeabi_d2uiz)
C:/NXP/S32DS_ARM_v2.2/S32DS/build_tools/gcc_v6.3/gcc-6.3-arm32-eabi/arm-none-eabi/newlib/lib/thumb/v7e-m/fpv4-sp/hard\libc_nano.a(lib_a-exit.o)
                              C:/NXP/S32DS_ARM_v2.2/S32DS/build_tools/gcc_v6.3/gcc-6.3-arm32-eabi/arm-none-eabi/newlib/lib/thumb/v7e-m/fpv4-sp/hard/crt0.o (exit)
C:/NXP/S32DS_ARM_v2.2/S32DS/build_tools/gcc_v6.3/gcc-6.3-arm32-eabi/arm-none-eabi/newlib/lib/thumb/v7e-m/fpv4-sp/hard\libc_nano.a(lib_a-fflush.o)
                              ./Sources/main.o (fflush)
C:/NXP/S32DS_ARM_v2.2/S32DS/build_tools/gcc_v6.3/gcc-6.3-arm32-eabi/arm-none-eabi/newlib/lib/thumb/v7e-m/fpv4-sp/hard\libc_nano.a(lib_a-findfp.o)
                              C:/NXP/S32DS_ARM_v2.2/S32DS/build_tools/gcc_v6.3/gcc-6.3-arm32-eabi/arm-none-eabi/newlib/lib/thumb/v7e-m/fpv4-sp/hard\libc_nano.a(lib_a-fflush.o) (__sinit)
C:/NXP/S32DS_ARM_v2.2/S32DS/build_tools/gcc_v6.3/gcc-6.3-arm32-eabi/arm-none-eabi/newlib/lib/thumb/v7e-m/fpv4-sp/hard\libc_nano.a(lib_a-fwalk.o)
                              C:/NXP/S32DS_ARM_v2.2/S32DS/build_tools/gcc_v6.3/gcc-6.3-arm32-eabi/arm-none-eabi/newlib/lib/thumb/v7e-m/fpv4-sp/hard\libc_nano.a(lib_a-fflush.o) (_fwalk_reent)
C:/NXP/S32DS_ARM_v2.2/S32DS/build_tools/gcc_v6.3/gcc-6.3-arm32-eabi/arm-none-eabi/newlib/lib/thumb/v7e-m/fpv4-sp/hard\libc_nano.a(lib_a-impure.o)
                              C:/NXP/S32DS_ARM_v2.2/S32DS/build_tools/gcc_v6.3/gcc-6.3-arm32-eabi/arm-none-eabi/newlib/lib/thumb/v7e-m/fpv4-sp/hard\libc_nano.a(lib_a-exit.o) (_global_impure_ptr)
C:/NXP/S32DS_ARM_v2.2/S32DS/build_tools/gcc_v6.3/gcc-6.3-arm32-eabi/arm-none-eabi/newlib/lib/thumb/v7e-m/fpv4-sp/hard\libc_nano.a(lib_a-init.o)
                              C:/NXP/S32DS_ARM_v2.2/S32DS/build_tools/gcc_v6.3/gcc-6.3-arm32-eabi/arm-none-eabi/newlib/lib/thumb/v7e-m/fpv4-sp/hard/crt0.o (__libc_init_array)
C:/NXP/S32DS_ARM_v2.2/S32DS/build_tools/gcc_v6.3/gcc-6.3-arm32-eabi/arm-none-eabi/newlib/lib/thumb/v7e-m/fpv4-sp/hard\libc_nano.a(lib_a-memset.o)
                              C:/NXP/S32DS_ARM_v2.2/S32DS/build_tools/gcc_v6.3/gcc-6.3-arm32-eabi/arm-none-eabi/newlib/lib/thumb/v7e-m/fpv4-sp/hard/crt0.o (memset)
C:/NXP/S32DS_ARM_v2.2/S32DS/build_tools/gcc_v6.3/gcc-6.3-arm32-eabi/arm-none-eabi/newlib/lib/thumb/v7e-m/fpv4-sp/hard\libc_nano.a(lib_a-nano-freer.o)
                              C:/NXP/S32DS_ARM_v2.2/S32DS/build_tools/gcc_v6.3/gcc-6.3-arm32-eabi/arm-none-eabi/newlib/lib/thumb/v7e-m/fpv4-sp/hard\libc_nano.a(lib_a-fflush.o) (_free_r)
C:/NXP/S32DS_ARM_v2.2/S32DS/build_tools/gcc_v6.3/gcc-6.3-arm32-eabi/arm-none-eabi/newlib/lib/thumb/v7e-m/fpv4-sp/hard\libc_nano.a(lib_a-nano-mallocr.o)
                              C:/NXP/S32DS_ARM_v2.2/S32DS/build_tools/gcc_v6.3/gcc-6.3-arm32-eabi/arm-none-eabi/newlib/lib/thumb/v7e-m/fpv4-sp/hard\libc_nano.a(lib_a-findfp.o) (_malloc_r)
C:/NXP/S32DS_ARM_v2.2/S32DS/build_tools/gcc_v6.3/gcc-6.3-arm32-eabi/arm-none-eabi/newlib/lib/thumb/v7e-m/fpv4-sp/hard\libc_nano.a(lib_a-sbrkr.o)
                              C:/NXP/S32DS_ARM_v2.2/S32DS/build_tools/gcc_v6.3/gcc-6.3-arm32-eabi/arm-none-eabi/newlib/lib/thumb/v7e-m/fpv4-sp/hard\libc_nano.a(lib_a-nano-mallocr.o) (_sbrk_r)
C:/NXP/S32DS_ARM_v2.2/S32DS/build_tools/gcc_v6.3/gcc-6.3-arm32-eabi/arm-none-eabi/newlib/lib/thumb/v7e-m/fpv4-sp/hard\libc_nano.a(lib_a-sprintf.o)
                              ./Sources/main.o (sprintf)
C:/NXP/S32DS_ARM_v2.2/S32DS/build_tools/gcc_v6.3/gcc-6.3-arm32-eabi/arm-none-eabi/newlib/lib/thumb/v7e-m/fpv4-sp/hard\libc_nano.a(lib_a-stdio.o)
                              C:/NXP/S32DS_ARM_v2.2/S32DS/build_tools/gcc_v6.3/gcc-6.3-arm32-eabi/arm-none-eabi/newlib/lib/thumb/v7e-m/fpv4-sp/hard\libc_nano.a(lib_a-findfp.o) (__sread)
[...]
Memory Configuration

Name             Origin             Length             Attributes
m_interrupts     0x00000000         0x00000400         xr
m_flash_config   0x00000400         0x00000010         xr
m_text           0x00000410         0x0007fbf0         xr
m_data           0x1fff8000         0x00008000         rw
m_data_2         0x20000000         0x00007000         rw
*default*        0x00000000         0xffffffff

Linker script and memory map

LOAD c:/nxp/s32ds_arm_v2.2/s32ds/build_tools/gcc_v6.3/gcc-6.3-arm32-eabi/bin/../lib/gcc/arm-none-eabi/6.3.1/thumb/v7e-m/fpv4-sp/hard/crti.o
LOAD c:/nxp/s32ds_arm_v2.2/s32ds/build_tools/gcc_v6.3/gcc-6.3-arm32-eabi/bin/../lib/gcc/arm-none-eabi/6.3.1/thumb/v7e-m/fpv4-sp/hard/crtbegin.o
LOAD C:/NXP/S32DS_ARM_v2.2/S32DS/build_tools/gcc_v6.3/gcc-6.3-arm32-eabi/arm-none-eabi/newlib/lib/thumb/v7e-m/fpv4-sp/hard/crt0.o
LOAD ./Conmunication_Matrix/CAN_1/DLL/DBCResolver1_ert_rtw/DBCResolver1.o
LOAD ./Conmunication_Matrix/CAN_1/DLL/DBCResolver1_ert_rtw/ert_main.o
LOAD ./Conmunication_Matrix/CAN_2/DLL/DBCResolver2_ert_rtw/DBCResolver2.o
LOAD ./Conmunication_Matrix/CAN_2/DLL/DBCResolver2_ert_rtw/ert_main2.o
LOAD ./Conmunication_Matrix/CAN_3/DLL/DBCResolver3_ert_rtw/DBCResolver3.o
LOAD ./Conmunication_Matrix/CAN_3/DLL/DBCResolver3_ert_rtw/ert_main3.o
LOAD ./Conmunication_Matrix/Common/rtGetInf.o
LOAD ./Conmunication_Matrix/Common/rtGetNaN.o
LOAD ./Conmunication_Matrix/Common/rt_nonfinite.o
LOAD ./Generated_Code/Cpu.o
LOAD ./Generated_Code/can_pal0.o
LOAD ./Generated_Code/can_pal1.o
LOAD ./Generated_Code/can_pal2.o
LOAD ./Generated_Code/clockMan1.o
LOAD ./Generated_Code/dmaController1.o
LOAD ./Generated_Code/i2c1.o
LOAD ./Generated_Code/lpuart1.o
LOAD ./Generated_Code/pin_mux.o
LOAD ./Project_Settings/Startup_Code/startup_S32K144.o
LOAD ./SDK/platform/devices/S32K144/startup/system_S32K144.o
LOAD ./SDK/platform/devices/startup.o
LOAD ./SDK/platform/drivers/src/clock/S32K1xx/clock_S32K1xx.o
LOAD ./SDK/platform/drivers/src/edma/edma_driver.o
LOAD ./SDK/platform/drivers/src/edma/edma_hw_access.o
LOAD ./SDK/platform/drivers/src/edma/edma_irq.o
LOAD ./SDK/platform/drivers/src/flexcan/flexcan_driver.o
LOAD ./SDK/platform/drivers/src/flexcan/flexcan_hw_access.o
LOAD ./SDK/platform/drivers/src/flexcan/flexcan_irq.o
LOAD ./SDK/platform/drivers/src/interrupt/interrupt_manager.o
LOAD ./SDK/platform/drivers/src/lpi2c/lpi2c_driver.o
LOAD ./SDK/platform/drivers/src/lpi2c/lpi2c_hw_access.o
LOAD ./SDK/platform/drivers/src/lpi2c/lpi2c_irq.o
LOAD ./SDK/platform/drivers/src/lpuart/lpuart_driver.o
LOAD ./SDK/platform/drivers/src/lpuart/lpuart_hw_access.o
LOAD ./SDK/platform/drivers/src/lpuart/lpuart_irq.o
LOAD ./SDK/platform/drivers/src/pins/pins_driver.o
LOAD ./SDK/platform/drivers/src/pins/pins_port_hw_access.o
LOAD ./SDK/platform/pal/src/can/can_pal.o
LOAD ./SDK/platform/pal/src/i2c/i2c_pal.o
LOAD ./SDK/rtos/osif/osif_baremetal.o
LOAD ./Sources/delay.o
LOAD ./Sources/font.o
LOAD ./Sources/key.o
LOAD ./Sources/main.o
LOAD ./Sources/oled.o
LOAD ./Sources/sys_cfg.o
LOAD ./Sources/uart.o
START GROUP
LOAD c:/nxp/s32ds_arm_v2.2/s32ds/build_tools/gcc_v6.3/gcc-6.3-arm32-eabi/bin/../lib/gcc/arm-none-eabi/6.3.1/thumb/v7e-m/fpv4-sp/hard\libgcc.a
LOAD C:/NXP/S32DS_ARM_v2.2/S32DS/build_tools/gcc_v6.3/gcc-6.3-arm32-eabi/arm-none-eabi/newlib/lib/thumb/v7e-m/fpv4-sp/hard\libc_nano.a
END GROUP
START GROUP
LOAD c:/nxp/s32ds_arm_v2.2/s32ds/build_tools/gcc_v6.3/gcc-6.3-arm32-eabi/bin/../lib/gcc/arm-none-eabi/6.3.1/thumb/v7e-m/fpv4-sp/hard\libgcc.a
LOAD C:/NXP/S32DS_ARM_v2.2/S32DS/build_tools/gcc_v6.3/gcc-6.3-arm32-eabi/arm-none-eabi/newlib/lib/thumb/v7e-m/fpv4-sp/hard\libc_nano.a
LOAD C:/NXP/S32DS_ARM_v2.2/S32DS/build_tools/gcc_v6.3/gcc-6.3-arm32-eabi/arm-none-eabi/newlib/lib/thumb/v7e-m/fpv4-sp/hard\libnosys.a
END GROUP
START GROUP
LOAD c:/nxp/s32ds_arm_v2.2/s32ds/build_tools/gcc_v6.3/gcc-6.3-arm32-eabi/bin/../lib/gcc/arm-none-eabi/6.3.1/thumb/v7e-m/fpv4-sp/hard\libgcc.a
LOAD C:/NXP/S32DS_ARM_v2.2/S32DS/build_tools/gcc_v6.3/gcc-6.3-arm32-eabi/arm-none-eabi/newlib/lib/thumb/v7e-m/fpv4-sp/hard\libc_nano.a
LOAD C:/NXP/S32DS_ARM_v2.2/S32DS/build_tools/gcc_v6.3/gcc-6.3-arm32-eabi/arm-none-eabi/newlib/lib/thumb/v7e-m/fpv4-sp/hard\libnosys.a
END GROUP
LOAD c:/nxp/s32ds_arm_v2.2/s32ds/build_tools/gcc_v6.3/gcc-6.3-arm32-eabi/bin/../lib/gcc/arm-none-eabi/6.3.1/thumb/v7e-m/fpv4-sp/hard/crtend.o
LOAD c:/nxp/s32ds_arm_v2.2/s32ds/build_tools/gcc_v6.3/gcc-6.3-arm32-eabi/bin/../lib/gcc/arm-none-eabi/6.3.1/thumb/v7e-m/fpv4-sp/hard/crtn.o
                0x00000400                HEAP_SIZE = DEFINED (__heap_size__)?__heap_size__:0x400
                0x00000400                STACK_SIZE = DEFINED (__stack_size__)?__stack_size__:0x400
                0x00000400                M_VECTOR_RAM_SIZE = DEFINED (__flash_vector_table__)?0x0:0x400

.interrupts     0x00000000      0x400
                0x00000000                __VECTOR_TABLE = .
                0x00000000                __interrupts_start__ = .
                0x00000000                . = ALIGN (0x4)
 *(.isr_vector)
 .isr_vector    0x00000000      0x400 ./Project_Settings/Startup_Code/startup_S32K144.o
                0x00000000                __isr_vector
                0x00000400                __interrupts_end__ = .
                0x00000400                . = ALIGN (0x4)

.flash_config   0x00000400       0x10
                0x00000400                . = ALIGN (0x4)
 *(.FlashConfig)
 .FlashConfig   0x00000400       0x10 ./Project_Settings/Startup_Code/startup_S32K144.o
                0x00000410                . = ALIGN (0x4)

.text           0x00000410     0x7518
                0x00000410                . = ALIGN (0x4)
 *(.text)
 .text          0x00000410       0x4c ./Project_Settings/Startup_Code/startup_S32K144.o
                0x00000410                Reset_Handler
                0x00000458                DebugMon_Handler
                0x00000458                Reserved88_IRQHandler
                0x00000458                HardFault_Handler
                0x00000458                Reserved86_IRQHandler
                0x00000458                Reserved103_IRQHandler
                0x00000458                FTM2_Ovf_Reload_IRQHandler
                0x00000458                Reserved50_IRQHandler
                0x00000458                FTFC_Fault_IRQHandler
                0x00000458                FTM0_Ch6_Ch7_IRQHandler
                0x00000458                Reserved114_IRQHandler
                0x00000458                PendSV_Handler
                0x00000458                NMI_Handler
                0x00000458                Reserved89_IRQHandler
                0x00000458                ERM_double_fault_IRQHandler
                0x00000458                Reserved59_IRQHandler
                0x00000458                LPIT0_Ch0_IRQHandler
                0x00000458                Reserved99_IRQHandler
                0x00000458                FTM3_Ch6_Ch7_IRQHandler
                0x00000458                LPIT0_Ch3_IRQHandler
                0x00000458                Reserved92_IRQHandler
                0x00000458                FTM0_Ch4_Ch5_IRQHandler
                0x00000458                FTM3_Ch0_Ch1_IRQHandler
                0x00000458                SWI_IRQHandler
                0x00000458                ADC0_IRQHandler
                0x00000458                FTM2_Ch4_Ch5_IRQHandler
                0x00000458                UsageFault_Handler
                0x00000458                FTM0_Ovf_Reload_IRQHandler
                0x00000458                DefaultISR
                0x00000458                Reserved58_IRQHandler
                0x00000458                FTM1_Ch2_Ch3_IRQHandler
                0x00000458                Reserved82_IRQHandler
                0x00000458                Reserved71_IRQHandler
                0x00000458                PORTD_IRQHandler
                0x00000458                Reserved69_IRQHandler
                0x00000458                PORTB_IRQHandler
                0x00000458                Reserved70_IRQHandler
                0x00000458                ADC1_IRQHandler
                0x00000458                FTM2_Ch2_Ch3_IRQHandler
                0x00000458                Reserved53_IRQHandler
                0x00000458                RTC_IRQHandler
                0x00000458                PDB0_IRQHandler
                0x00000458                Reserved54_IRQHandler
                0x00000458                FTM2_Ch6_Ch7_IRQHandler
                0x00000458                FTM3_Ch2_Ch3_IRQHandler
                0x00000458                FTM2_Ch0_Ch1_IRQHandler
                0x00000458                LPSPI1_IRQHandler
                0x00000458                LPUART1_RxTx_IRQHandler
                0x00000458                RTC_Seconds_IRQHandler
                0x00000458                Reserved72_IRQHandler
                0x00000458                Reserved110_IRQHandler
                0x00000458                Reserved107_IRQHandler
                0x00000458                Read_Collision_IRQHandler
                0x00000458                FTFC_IRQHandler
                0x00000458                FTM1_Ch6_Ch7_IRQHandler
                0x00000458                Reserved105_IRQHandler
                0x00000458                LPIT0_Ch1_IRQHandler
                0x00000458                FTM1_Ch4_Ch5_IRQHandler
                0x00000458                FTM3_Ovf_Reload_IRQHandler
                0x00000458                LPUART2_RxTx_IRQHandler
                0x00000458                LPSPI0_IRQHandler
                0x00000458                WDOG_EWM_IRQHandler
                0x00000458                MemManage_Handler
                0x00000458                Reserved90_IRQHandler
                0x00000458                Reserved83_IRQHandler
                0x00000458                FTM0_Fault_IRQHandler
                0x00000458                Reserved48_IRQHandler
                0x00000458                SVC_Handler
                0x00000458                ERM_single_fault_IRQHandler
                0x00000458                FTM2_Fault_IRQHandler
                0x00000458                FTM0_Ch2_Ch3_IRQHandler
                0x00000458                FTM0_Ch0_Ch1_IRQHandler
                0x00000458                FTM3_Fault_IRQHandler
                0x00000458                RCM_IRQHandler
                0x00000458                Reserved100_IRQHandler
                0x00000458                Reserved91_IRQHandler
                0x00000458                SCG_IRQHandler
                0x00000458                PDB1_IRQHandler
                0x00000458                Reserved81_IRQHandler
                0x00000458                Reserved46_IRQHandler
                0x00000458                Reserved45_IRQHandler
                0x00000458                Reserved112_IRQHandler
                0x00000458                FTM1_Fault_IRQHandler
                0x00000458                Reserved106_IRQHandler
                0x00000458                LVD_LVW_IRQHandler
                0x00000458                LPIT0_Ch2_IRQHandler
                0x00000458                PORTA_IRQHandler
                0x00000458                MCM_IRQHandler
                0x00000458                LPSPI2_IRQHandler
                0x00000458                FTM3_Ch4_Ch5_IRQHandler
                0x00000458                PORTE_IRQHandler
                0x00000458                LPUART0_RxTx_IRQHandler
                0x00000458                LPTMR0_IRQHandler
                0x00000458                BusFault_Handler
                0x00000458                Reserved87_IRQHandler
                0x00000458                FTM1_Ovf_Reload_IRQHandler
                0x00000458                Reserved93_IRQHandler
                0x00000458                CMP0_IRQHandler
                0x00000458                Reserved52_IRQHandler
                0x00000458                PORTC_IRQHandler
                0x00000458                FTM1_Ch0_Ch1_IRQHandler
                0x00000458                FLEXIO_IRQHandler
                0x00000458                Reserved113_IRQHandler
 .text          0x0000045c       0x10 C:/NXP/S32DS_ARM_v2.2/S32DS/build_tools/gcc_v6.3/gcc-6.3-arm32-eabi/arm-none-eabi/newlib/lib/thumb/v7e-m/fpv4-sp/hard\libc_nano.a(lib_a-strlen.o)
                0x0000045c                strlen
 *fill*         0x0000046c        0x4 
 .text          0x00000470       0xa0 C:/NXP/S32DS_ARM_v2.2/S32DS/build_tools/gcc_v6.3/gcc-6.3-arm32-eabi/arm-none-eabi/newlib/lib/thumb/v7e-m/fpv4-sp/hard\libc_nano.a(lib_a-memchr.o)
                0x00000470                memchr
 *(.text*)
 .text.PC2DLL_Interface3_initialize
                0x00000510        0xa ./Conmunication_Matrix/CAN_3/DLL/DBCResolver3_ert_rtw/DBCResolver3.o
                0x00000510                PC2DLL_Interface3_initialize
 *fill*         0x0000051a        0x6 
 .text.rtGetInf
                0x00000520       0x10 ./Conmunication_Matrix/Common/rtGetInf.o
                0x00000520                rtGetInf
 .text.rtGetInfF
                0x00000530        0xc ./Conmunication_Matrix/Common/rtGetInf.o
                0x00000530                rtGetInfF
 *fill*         0x0000053c        0x4 
 .text.rtGetMinusInf
                0x00000540       0x10 ./Conmunication_Matrix/Common/rtGetInf.o
                0x00000540                rtGetMinusInf
 .text.rtGetMinusInfF
                0x00000550        0xc ./Conmunication_Matrix/Common/rtGetInf.o
                0x00000550                rtGetMinusInfF
 *fill*         0x0000055c        0x4 
 .text.rtGetNaN
                0x00000560       0x10 ./Conmunication_Matrix/Common/rtGetNaN.o
                0x00000560                rtGetNaN
 .text.rtGetNaNF
                0x00000570        0xc ./Conmunication_Matrix/Common/rtGetNaN.o
                0x00000570                rtGetNaNF
 .text.rt_InitInfAndNaN
                0x0000057c       0x58 ./Conmunication_Matrix/Common/rt_nonfinite.o
                0x0000057c                rt_InitInfAndNaN
 .text.SystemInit
                0x000005d4       0x3c ./SDK/platform/devices/S32K144/startup/system_S32K144.o
                0x000005d4                SystemInit
 .text.init_data_bss
                0x00000610       0xd8 ./SDK/platform/devices/startup.o
                0x00000610                init_data_bss
 .text.CLOCK_SYS_GetCurrentRunMode
                0x000006e8       0x24 ./SDK/platform/drivers/src/clock/S32K1xx/clock_S32K1xx.o
 .text.CLOCK_SYS_GetSysOscFreq
                0x0000070c       0x1c ./SDK/platform/drivers/src/clock/S32K1xx/clock_S32K1xx.o
 .text.CLOCK_SYS_ConfigureSOSC
                0x00000728      0x12c ./SDK/platform/drivers/src/clock/S32K1xx/clock_S32K1xx.o
 .text.CLOCK_SYS_GetSircFreq
                0x00000854       0x2c ./SDK/platform/drivers/src/clock/S32K1xx/clock_S32K1xx.o
 .text.CLOCK_SYS_ConfigureSIRC
                0x00000880       0xc4 ./SDK/platform/drivers/src/clock/S32K1xx/clock_S32K1xx.o
 .text.CLOCK_SYS_GetFircFreq
                0x00000944       0x20 ./SDK/platform/drivers/src/clock/S32K1xx/clock_S32K1xx.o
 .text.CLOCK_SYS_ConfigureFIRC
                0x00000964       0xb4 ./SDK/platform/drivers/src/clock/S32K1xx/clock_S32K1xx.o
 .text.CLOCK_SYS_GetSysPllFreq
                0x00000a18       0x44 ./SDK/platform/drivers/src/clock/S32K1xx/clock_S32K1xx.o
 .text.CLOCK_SYS_ConfigureSPLL
                0x00000a5c      0x104 ./SDK/platform/drivers/src/clock/S32K1xx/clock_S32K1xx.o
 .text.CLOCK_SYS_SetSystemClockConfig
                0x00000b60      0x1e4 ./SDK/platform/drivers/src/clock/S32K1xx/clock_S32K1xx.o
 .text.CLOCK_SYS_TransitionSystemClock
                0x00000d44       0x3c ./SDK/platform/drivers/src/clock/S32K1xx/clock_S32K1xx.o
 .text.CLOCK_SYS_GetSystemClockFreq
                0x00000d80       0x78 ./SDK/platform/drivers/src/clock/S32K1xx/clock_S32K1xx.o
 .text.CLOCK_SYS_GetScgClkOutFreq
                0x00000df8       0x44 ./SDK/platform/drivers/src/clock/S32K1xx/clock_S32K1xx.o
 .text.CLOCK_SYS_GetSysAsyncFreq
                0x00000e3c       0xd4 ./SDK/platform/drivers/src/clock/S32K1xx/clock_S32K1xx.o
 .text.CLOCK_SYS_GetSimRtcClkFreq
                0x00000f10       0x50 ./SDK/platform/drivers/src/clock/S32K1xx/clock_S32K1xx.o
 .text.CLOCK_SYS_GetPeripheralClock
                0x00000f60       0x78 ./SDK/platform/drivers/src/clock/S32K1xx/clock_S32K1xx.o
 .text.CLOCK_SYS_GetLpoFreq
                0x00000fd8       0x44 ./SDK/platform/drivers/src/clock/S32K1xx/clock_S32K1xx.o
 .text.CLOCK_SYS_GetSimClkOutFreq
                0x0000101c       0x98 ./SDK/platform/drivers/src/clock/S32K1xx/clock_S32K1xx.o
 .text.CLOCK_DRV_Init
                0x000010b4      0x598 ./SDK/platform/drivers/src/clock/S32K1xx/clock_S32K1xx.o
                0x000010b4                CLOCK_DRV_Init
 .text.CLOCK_DRV_GetFreq
                0x0000164c      0x3a0 ./SDK/platform/drivers/src/clock/S32K1xx/clock_S32K1xx.o
                0x0000164c                CLOCK_DRV_GetFreq
 .text.CLOCK_SYS_Init
                0x000019ec       0x1c ./SDK/platform/drivers/src/clock/S32K1xx/clock_S32K1xx.o
                0x000019ec                CLOCK_SYS_Init
 .text.CLOCK_SYS_UpdateConfiguration
                0x00001a08       0xe8 ./SDK/platform/drivers/src/clock/S32K1xx/clock_S32K1xx.o
                0x00001a08                CLOCK_SYS_UpdateConfiguration
 .text.CLOCK_SYS_GetFreq
                0x00001af0        0x8 ./SDK/platform/drivers/src/clock/S32K1xx/clock_S32K1xx.o
                0x00001af0                CLOCK_SYS_GetFreq
 .text.EDMA_DRV_InstallCallback
                0x00001af8       0x20 ./SDK/platform/drivers/src/edma/edma_driver.o
                0x00001af8                EDMA_DRV_InstallCallback
 .text.EDMA_DRV_IRQHandler
                0x00001b18       0x2c ./SDK/platform/drivers/src/edma/edma_driver.o
                0x00001b18                EDMA_DRV_IRQHandler
 .text.EDMA_DRV_ErrorIRQHandler
                0x00001b44       0x3c ./SDK/platform/drivers/src/edma/edma_driver.o
                0x00001b44                EDMA_DRV_ErrorIRQHandler
 .text.EDMA_DRV_ConfigSingleBlockTransfer
                0x00001b80      0x148 ./SDK/platform/drivers/src/edma/edma_driver.o
                0x00001b80                EDMA_DRV_ConfigSingleBlockTransfer
 .text.EDMA_DRV_ConfigMultiBlockTransfer
                0x00001cc8       0x64 ./SDK/platform/drivers/src/edma/edma_driver.o
                0x00001cc8                EDMA_DRV_ConfigMultiBlockTransfer
 .text.EDMA_DRV_StartChannel
                0x00001d2c       0x18 ./SDK/platform/drivers/src/edma/edma_driver.o
                0x00001d2c                EDMA_DRV_StartChannel
 .text.EDMA_DRV_StopChannel
                0x00001d44       0x18 ./SDK/platform/drivers/src/edma/edma_driver.o
                0x00001d44                EDMA_DRV_StopChannel
 .text.EDMA_DRV_SetChannelRequestAndTrigger
                0x00001d5c       0x44 ./SDK/platform/drivers/src/edma/edma_driver.o
                0x00001d5c                EDMA_DRV_SetChannelRequestAndTrigger
 .text.EDMA_DRV_SetSrcAddr
                0x00001da0       0x14 ./SDK/platform/drivers/src/edma/edma_driver.o
                0x00001da0                EDMA_DRV_SetSrcAddr
 .text.EDMA_DRV_SetSrcLastAddrAdjustment
                0x00001db4       0x16 ./SDK/platform/drivers/src/edma/edma_driver.o
                0x00001db4                EDMA_DRV_SetSrcLastAddrAdjustment
 *fill*         0x00001dca        0x2 
 .text.EDMA_DRV_SetMajorLoopIterationCount
                0x00001dcc       0x14 ./SDK/platform/drivers/src/edma/edma_driver.o
                0x00001dcc                EDMA_DRV_SetMajorLoopIterationCount
 .text.EDMA_DRV_GetRemainingMajorIterationsCount
                0x00001de0       0x14 ./SDK/platform/drivers/src/edma/edma_driver.o
                0x00001de0                EDMA_DRV_GetRemainingMajorIterationsCount
 .text.EDMA_DRV_DisableRequestsOnTransferComplete
                0x00001df4       0x38 ./SDK/platform/drivers/src/edma/edma_driver.o
                0x00001df4                EDMA_DRV_DisableRequestsOnTransferComplete
 .text.EDMA_DRV_GetDmaRegBaseAddr
                0x00001e2c        0x8 ./SDK/platform/drivers/src/edma/edma_driver.o
                0x00001e2c                EDMA_DRV_GetDmaRegBaseAddr
 .text.EDMA_SetDmaRequestCmd
                0x00001e34        0xa ./SDK/platform/drivers/src/edma/edma_hw_access.o
                0x00001e34                EDMA_SetDmaRequestCmd
 .text.EDMA_TCDClearReg
                0x00001e3e       0x4a ./SDK/platform/drivers/src/edma/edma_hw_access.o
                0x00001e3e                EDMA_TCDClearReg
 .text.EDMA_TCDSetAttribute
                0x00001e88       0x30 ./SDK/platform/drivers/src/edma/edma_hw_access.o
                0x00001e88                EDMA_TCDSetAttribute
 .text.EDMA_TCDSetNbytes
                0x00001eb8       0x5c ./SDK/platform/drivers/src/edma/edma_hw_access.o
                0x00001eb8                EDMA_TCDSetNbytes
 .text.EDMA_TCDSetMajorCount
                0x00001f14       0x5e ./SDK/platform/drivers/src/edma/edma_hw_access.o
                0x00001f14                EDMA_TCDSetMajorCount
 .text.EDMA_TCDGetCurrentMajorCount
                0x00001f72       0x2c ./SDK/platform/drivers/src/edma/edma_hw_access.o
                0x00001f72                EDMA_TCDGetCurrentMajorCount
 .text.DMA0_IRQHandler
                0x00001f9e        0xa ./SDK/platform/drivers/src/edma/edma_irq.o
                0x00001f9e                DMA0_IRQHandler
 .text.DMA1_IRQHandler
                0x00001fa8        0xa ./SDK/platform/drivers/src/edma/edma_irq.o
                0x00001fa8                DMA1_IRQHandler
 .text.DMA2_IRQHandler
                0x00001fb2        0xa ./SDK/platform/drivers/src/edma/edma_irq.o
                0x00001fb2                DMA2_IRQHandler
 .text.DMA3_IRQHandler
                0x00001fbc        0xa ./SDK/platform/drivers/src/edma/edma_irq.o
                0x00001fbc                DMA3_IRQHandler
 .text.DMA4_IRQHandler
                0x00001fc6        0xa ./SDK/platform/drivers/src/edma/edma_irq.o
                0x00001fc6                DMA4_IRQHandler
 .text.DMA5_IRQHandler
                0x00001fd0        0xa ./SDK/platform/drivers/src/edma/edma_irq.o
                0x00001fd0                DMA5_IRQHandler
 .text.DMA6_IRQHandler
                0x00001fda        0xa ./SDK/platform/drivers/src/edma/edma_irq.o
                0x00001fda                DMA6_IRQHandler
 .text.DMA7_IRQHandler
                0x00001fe4        0xa ./SDK/platform/drivers/src/edma/edma_irq.o
                0x00001fe4                DMA7_IRQHandler
 .text.DMA8_IRQHandler
                0x00001fee        0xa ./SDK/platform/drivers/src/edma/edma_irq.o
                0x00001fee                DMA8_IRQHandler
 .text.DMA9_IRQHandler
                0x00001ff8        0xa ./SDK/platform/drivers/src/edma/edma_irq.o
                0x00001ff8                DMA9_IRQHandler
 .text.DMA10_IRQHandler
                0x00002002        0xa ./SDK/platform/drivers/src/edma/edma_irq.o
                0x00002002                DMA10_IRQHandler
 .text.DMA11_IRQHandler
                0x0000200c        0xa ./SDK/platform/drivers/src/edma/edma_irq.o
                0x0000200c                DMA11_IRQHandler
 .text.DMA12_IRQHandler
                0x00002016        0xa ./SDK/platform/drivers/src/edma/edma_irq.o
                0x00002016                DMA12_IRQHandler
 .text.DMA13_IRQHandler
                0x00002020        0xa ./SDK/platform/drivers/src/edma/edma_irq.o
                0x00002020                DMA13_IRQHandler
 .text.DMA14_IRQHandler
                0x0000202a        0xa ./SDK/platform/drivers/src/edma/edma_irq.o
                0x0000202a                DMA14_IRQHandler
 .text.DMA15_IRQHandler
                0x00002034        0xa ./SDK/platform/drivers/src/edma/edma_irq.o
                0x00002034                DMA15_IRQHandler
 .text.DMA_Error_IRQHandler
                0x0000203e       0x28 ./SDK/platform/drivers/src/edma/edma_irq.o
                0x0000203e                DMA_Error_IRQHandler
 *fill*         0x00002066        0x2 
 .text.FLEXCAN_StartSendData
                0x00002068       0xa4 ./SDK/platform/drivers/src/flexcan/flexcan_driver.o
 .text.FLEXCAN_StartRxMessageBufferData
                0x0000210c       0x80 ./SDK/platform/drivers/src/flexcan/flexcan_driver.o
 .text.FLEXCAN_StartRxMessageFifoData
                0x0000218c      0x110 ./SDK/platform/drivers/src/flexcan/flexcan_driver.o
 .text.FLEXCAN_CompleteRxMessageFifoData
                0x0000229c       0xa0 ./SDK/platform/drivers/src/flexcan/flexcan_driver.o
 .text.FLEXCAN_CompleteRxFifoDataDMA
                0x0000233c       0x30 ./SDK/platform/drivers/src/flexcan/flexcan_driver.o
 .text.FLEXCAN_CompleteTransfer
                0x0000236c       0x38 ./SDK/platform/drivers/src/flexcan/flexcan_driver.o
 .text.FLEXCAN_DRV_SetRxMaskType
                0x000023a4       0x30 ./SDK/platform/drivers/src/flexcan/flexcan_driver.o
                0x000023a4                FLEXCAN_DRV_SetRxMaskType
 .text.FLEXCAN_DRV_SetRxIndividualMask
                0x000023d4      0x118 ./SDK/platform/drivers/src/flexcan/flexcan_driver.o
                0x000023d4                FLEXCAN_DRV_SetRxIndividualMask
 .text.FLEXCAN_DRV_Init
                0x000024ec      0x2c4 ./SDK/platform/drivers/src/flexcan/flexcan_driver.o
                0x000024ec                FLEXCAN_DRV_Init
 .text.FLEXCAN_DRV_ConfigTxMb
                0x000027b0       0x40 ./SDK/platform/drivers/src/flexcan/flexcan_driver.o
                0x000027b0                FLEXCAN_DRV_ConfigTxMb
 .text.FLEXCAN_DRV_Send
                0x000027f0       0x34 ./SDK/platform/drivers/src/flexcan/flexcan_driver.o
                0x000027f0                FLEXCAN_DRV_Send
 .text.FLEXCAN_DRV_ConfigRxMb
                0x00002824       0x68 ./SDK/platform/drivers/src/flexcan/flexcan_driver.o
                0x00002824                FLEXCAN_DRV_ConfigRxMb
 .text.FLEXCAN_DRV_ConfigRxFifo
                0x0000288c       0x28 ./SDK/platform/drivers/src/flexcan/flexcan_driver.o
                0x0000288c                FLEXCAN_DRV_ConfigRxFifo
 .text.FLEXCAN_DRV_Receive
                0x000028b4        0xa ./SDK/platform/drivers/src/flexcan/flexcan_driver.o
                0x000028b4                FLEXCAN_DRV_Receive
 .text.FLEXCAN_DRV_RxFifo
                0x000028be        0xa ./SDK/platform/drivers/src/flexcan/flexcan_driver.o
                0x000028be                FLEXCAN_DRV_RxFifo
 .text.FLEXCAN_Error_IRQHandler
                0x000028c8       0x28 ./SDK/platform/drivers/src/flexcan/flexcan_driver.o
                0x000028c8                FLEXCAN_Error_IRQHandler
 .text.FLEXCAN_WakeUpHandler
                0x000028f0       0x6c ./SDK/platform/drivers/src/flexcan/flexcan_driver.o
                0x000028f0                FLEXCAN_WakeUpHandler
 .text.FLEXCAN_IRQHandler
                0x0000295c      0x1b8 ./SDK/platform/drivers/src/flexcan/flexcan_driver.o
                0x0000295c                FLEXCAN_IRQHandler
 .text.FLEXCAN_DRV_InstallEventCallback
                0x00002b14       0x14 ./SDK/platform/drivers/src/flexcan/flexcan_driver.o
                0x00002b14                FLEXCAN_DRV_InstallEventCallback
 .text.FLEXCAN_ComputePayloadSize
                0x00002b28       0x36 ./SDK/platform/drivers/src/flexcan/flexcan_hw_access.o
 *fill*         0x00002b5e        0x2 
 .text.FLEXCAN_GetRxFifoMask
                0x00002b60       0x60 ./SDK/platform/drivers/src/flexcan/flexcan_hw_access.o
                0x00002b60                FLEXCAN_GetRxFifoMask
 .text.FLEXCAN_GetMaxMbNum
                0x00002bc0       0x2c ./SDK/platform/drivers/src/flexcan/flexcan_hw_access.o
                0x00002bc0                FLEXCAN_GetMaxMbNum
 .text.FLEXCAN_Enable
                0x00002bec       0x2a ./SDK/platform/drivers/src/flexcan/flexcan_hw_access.o
                0x00002bec                FLEXCAN_Enable
 .text.FLEXCAN_Disable
                0x00002c16       0x18 ./SDK/platform/drivers/src/flexcan/flexcan_hw_access.o
                0x00002c16                FLEXCAN_Disable
 *fill*         0x00002c2e        0x2 
 .text.FLEXCAN_Init
                0x00002c30       0x68 ./SDK/platform/drivers/src/flexcan/flexcan_hw_access.o
                0x00002c30                FLEXCAN_Init
 .text.FLEXCAN_EnableRxFifo
                0x00002c98       0x54 ./SDK/platform/drivers/src/flexcan/flexcan_hw_access.o
                0x00002c98                FLEXCAN_EnableRxFifo
 .text.FLEXCAN_SetRxFifoFilter
                0x00002cec      0x1d8 ./SDK/platform/drivers/src/flexcan/flexcan_hw_access.o
                0x00002cec                FLEXCAN_SetRxFifoFilter
 .text.FLEXCAN_SetMsgBuffIntCmd
                0x00002ec4       0x3c ./SDK/platform/drivers/src/flexcan/flexcan_hw_access.o
                0x00002ec4                FLEXCAN_SetMsgBuffIntCmd
 .text.FLEXCAN_ExitFreezeMode
                0x00002f00       0x1a ./SDK/platform/drivers/src/flexcan/flexcan_hw_access.o
                0x00002f00                FLEXCAN_ExitFreezeMode
 .text.FLEXCAN_EnterFreezeMode
                0x00002f1a       0x40 ./SDK/platform/drivers/src/flexcan/flexcan_hw_access.o
                0x00002f1a                FLEXCAN_EnterFreezeMode
 *fill*         0x00002f5a        0x2 
 .text.FLEXCAN_ClearErrIntStatusFlag
                0x00002f5c       0x14 ./SDK/platform/drivers/src/flexcan/flexcan_hw_access.o
                0x00002f5c                FLEXCAN_ClearErrIntStatusFlag
 .text.FLEXCAN_ReadRxFifo
                0x00002f70       0x56 ./SDK/platform/drivers/src/flexcan/flexcan_hw_access.o
                0x00002f70                FLEXCAN_ReadRxFifo
 .text.FLEXCAN_SetOperationMode
                0x00002fc6       0x5e ./SDK/platform/drivers/src/flexcan/flexcan_hw_access.o
                0x00002fc6                FLEXCAN_SetOperationMode
 .text.FLEXCAN_SetPayloadSize
                0x00003024       0x1a ./SDK/platform/drivers/src/flexcan/flexcan_hw_access.o
                0x00003024                FLEXCAN_SetPayloadSize
 .text.FLEXCAN_GetPayloadSize
                0x0000303e       0x20 ./SDK/platform/drivers/src/flexcan/flexcan_hw_access.o
                0x0000303e                FLEXCAN_GetPayloadSize
 .text.FLEXCAN_GetMsgBuffRegion
                0x0000305e       0x30 ./SDK/platform/drivers/src/flexcan/flexcan_hw_access.o
                0x0000305e                FLEXCAN_GetMsgBuffRegion
 *fill*         0x0000308e        0x2 
 .text.FLEXCAN_SetTxMsgBuff
                0x00003090      0x180 ./SDK/platform/drivers/src/flexcan/flexcan_hw_access.o
                0x00003090                FLEXCAN_SetTxMsgBuff
 .text.FLEXCAN_SetRxMsgBuff
                0x00003210       0xc8 ./SDK/platform/drivers/src/flexcan/flexcan_hw_access.o
                0x00003210                FLEXCAN_SetRxMsgBuff
 .text.FLEXCAN_GetMsgBuff
                0x000032d8       0x96 ./SDK/platform/drivers/src/flexcan/flexcan_hw_access.o
                0x000032d8                FLEXCAN_GetMsgBuff
 .text.FLEXCAN_LockRxMsgBuff
                0x0000336e        0xa ./SDK/platform/drivers/src/flexcan/flexcan_hw_access.o
                0x0000336e                FLEXCAN_LockRxMsgBuff
 .text.FLEXCAN_SetMaxMsgBuffNum
                0x00003378       0x9c ./SDK/platform/drivers/src/flexcan/flexcan_hw_access.o
                0x00003378                FLEXCAN_SetMaxMsgBuffNum
 .text.CAN0_ORed_IRQHandler
                0x00003414        0xa ./SDK/platform/drivers/src/flexcan/flexcan_irq.o
                0x00003414                CAN0_ORed_IRQHandler
 .text.CAN0_Error_IRQHandler
                0x0000341e        0xa ./SDK/platform/drivers/src/flexcan/flexcan_irq.o
                0x0000341e                CAN0_Error_IRQHandler
 .text.CAN0_Wake_Up_IRQHandler
                0x00003428        0xa ./SDK/platform/drivers/src/flexcan/flexcan_irq.o
                0x00003428                CAN0_Wake_Up_IRQHandler
 .text.CAN0_ORed_0_15_MB_IRQHandler
                0x00003432        0xa ./SDK/platform/drivers/src/flexcan/flexcan_irq.o
                0x00003432                CAN0_ORed_0_15_MB_IRQHandler
 .text.CAN0_ORed_16_31_MB_IRQHandler
                0x0000343c        0xa ./SDK/platform/drivers/src/flexcan/flexcan_irq.o
                0x0000343c                CAN0_ORed_16_31_MB_IRQHandler
 .text.CAN1_ORed_IRQHandler
                0x00003446        0xa ./SDK/platform/drivers/src/flexcan/flexcan_irq.o
                0x00003446                CAN1_ORed_IRQHandler
 .text.CAN1_Error_IRQHandler
                0x00003450        0xa ./SDK/platform/drivers/src/flexcan/flexcan_irq.o
                0x00003450                CAN1_Error_IRQHandler
 .text.CAN1_ORed_0_15_MB_IRQHandler
                0x0000345a        0xa ./SDK/platform/drivers/src/flexcan/flexcan_irq.o
                0x0000345a                CAN1_ORed_0_15_MB_IRQHandler
 .text.CAN2_ORed_IRQHandler
                0x00003464        0xa ./SDK/platform/drivers/src/flexcan/flexcan_irq.o
                0x00003464                CAN2_ORed_IRQHandler
 .text.CAN2_Error_IRQHandler
                0x0000346e        0xa ./SDK/platform/drivers/src/flexcan/flexcan_irq.o
                0x0000346e                CAN2_Error_IRQHandler
 .text.CAN2_ORed_0_15_MB_IRQHandler
                0x00003478        0xa ./SDK/platform/drivers/src/flexcan/flexcan_irq.o
                0x00003478                CAN2_ORed_0_15_MB_IRQHandler
 *fill*         0x00003482        0x2 
 .text.INT_SYS_InstallHandler
                0x00003484       0x30 ./SDK/platform/drivers/src/interrupt/interrupt_manager.o
                0x00003484                INT_SYS_InstallHandler
 .text.INT_SYS_EnableIRQ
                0x000034b4       0x18 ./SDK/platform/drivers/src/interrupt/interrupt_manager.o
                0x000034b4                INT_SYS_EnableIRQ
 .text.INT_SYS_EnableIRQGlobal
                0x000034cc       0x1c ./SDK/platform/drivers/src/interrupt/interrupt_manager.o
                0x000034cc                INT_SYS_EnableIRQGlobal
 .text.INT_SYS_DisableIRQGlobal
                0x000034e8       0x10 ./SDK/platform/drivers/src/interrupt/interrupt_manager.o
                0x000034e8                INT_SYS_DisableIRQGlobal
 .text.LPI2C_DRV_MasterSendAddress
                0x000034f8       0xe6 ./SDK/platform/drivers/src/lpi2c/lpi2c_driver.o
 .text.LPI2C_DRV_MasterQueueData
                0x000035de       0x4c ./SDK/platform/drivers/src/lpi2c/lpi2c_driver.o
 .text.LPI2C_DRV_SlaveEndTransfer
                0x0000362a       0x4e ./SDK/platform/drivers/src/lpi2c/lpi2c_driver.o
 .text.LPI2C_DRV_MasterEndTransfer
                0x00003678       0x68 ./SDK/platform/drivers/src/lpi2c/lpi2c_driver.o
 .text.LPI2C_DRV_MasterCompleteDMATransfer
                0x000036e0       0x8c ./SDK/platform/drivers/src/lpi2c/lpi2c_driver.o
 .text.LPI2C_DRV_SlaveEndTransferHandler
                0x0000376c       0x3a ./SDK/platform/drivers/src/lpi2c/lpi2c_driver.o
 *fill*         0x000037a6        0x2 
 .text.LPI2C_DRV_ConfigureDmaTransfer
                0x000037a8       0x60 ./SDK/platform/drivers/src/lpi2c/lpi2c_driver.o
 .text.LPI2C_DRV_MasterStartDmaTransfer
                0x00003808      0x114 ./SDK/platform/drivers/src/lpi2c/lpi2c_driver.o
 .text.LPI2C_DRV_SlaveStartDmaTransfer
                0x0000391c       0x9c ./SDK/platform/drivers/src/lpi2c/lpi2c_driver.o
 .text.LPI2C_DRV_MasterSetBaudRate
                0x000039b8      0x138 ./SDK/platform/drivers/src/lpi2c/lpi2c_driver.o
                0x000039b8                LPI2C_DRV_MasterSetBaudRate
 .text.LPI2C_DRV_MasterInit
                0x00003af0       0xa4 ./SDK/platform/drivers/src/lpi2c/lpi2c_driver.o
                0x00003af0                LPI2C_DRV_MasterInit
 .text.LPI2C_DRV_MasterReinit
                0x00003b94       0x5c ./SDK/platform/drivers/src/lpi2c/lpi2c_driver.o
 .text.LPI2C_DRV_MasterWaitTransferEnd
                0x00003bf0       0xc8 ./SDK/platform/drivers/src/lpi2c/lpi2c_driver.o
 .text.LPI2C_DRV_MasterSendData
                0x00003cb8       0x70 ./SDK/platform/drivers/src/lpi2c/lpi2c_driver.o
                0x00003cb8                LPI2C_DRV_MasterSendData
 .text.LPI2C_DRV_MasterSendDataBlocking
                0x00003d28       0x4c ./SDK/platform/drivers/src/lpi2c/lpi2c_driver.o
                0x00003d28                LPI2C_DRV_MasterSendDataBlocking
 .text.LPI2C_DRV_MasterIRQHandler
                0x00003d74      0x248 ./SDK/platform/drivers/src/lpi2c/lpi2c_driver.o
                0x00003d74                LPI2C_DRV_MasterIRQHandler
 .text.LPI2C_DRV_SlaveIRQHandler
                0x00003fbc      0x1d8 ./SDK/platform/drivers/src/lpi2c/lpi2c_driver.o
                0x00003fbc                LPI2C_DRV_SlaveIRQHandler
 .text.LPI2C_Init
                0x00004194       0x1e ./SDK/platform/drivers/src/lpi2c/lpi2c_hw_access.o
                0x00004194                LPI2C_Init
 .text.LPI2C0_Master_IRQHandler
                0x000041b2        0xa ./SDK/platform/drivers/src/lpi2c/lpi2c_irq.o
                0x000041b2                LPI2C0_Master_IRQHandler
 .text.LPI2C0_Slave_IRQHandler
                0x000041bc        0xa ./SDK/platform/drivers/src/lpi2c/lpi2c_irq.o
                0x000041bc                LPI2C0_Slave_IRQHandler
 *fill*         0x000041c6        0x2 
 .text.LPUART_DRV_StartSendDataUsingInt
                0x000041c8       0x4c ./SDK/platform/drivers/src/lpuart/lpuart_driver.o
 .text.LPUART_DRV_StartSendDataUsingDma
                0x00004214       0x80 ./SDK/platform/drivers/src/lpuart/lpuart_driver.o
 .text.LPUART_DRV_CompleteSendDataUsingInt
                0x00004294       0x64 ./SDK/platform/drivers/src/lpuart/lpuart_driver.o
 .text.LPUART_DRV_StopTxDma
                0x000042f8       0x64 ./SDK/platform/drivers/src/lpuart/lpuart_driver.o
 .text.LPUART_DRV_TxDmaCallback
                0x0000435c       0x74 ./SDK/platform/drivers/src/lpuart/lpuart_driver.o
 .text.LPUART_DRV_PutData
                0x000043d0       0x44 ./SDK/platform/drivers/src/lpuart/lpuart_driver.o
 .text.LPUART_DRV_CompleteReceiveDataUsingInt
                0x00004414       0x64 ./SDK/platform/drivers/src/lpuart/lpuart_driver.o
 .text.LPUART_DRV_StopRxDma
                0x00004478       0x64 ./SDK/platform/drivers/src/lpuart/lpuart_driver.o
 .text.LPUART_DRV_GetData
                0x000044dc       0x5c ./SDK/platform/drivers/src/lpuart/lpuart_driver.o
 .text.LPUART_DRV_SendData
                0x00004538       0x24 ./SDK/platform/drivers/src/lpuart/lpuart_driver.o
                0x00004538                LPUART_DRV_SendData
 .text.LPUART_DRV_GetTransmitStatus
                0x0000455c       0x38 ./SDK/platform/drivers/src/lpuart/lpuart_driver.o
                0x0000455c                LPUART_DRV_GetTransmitStatus
 .text.LPUART_DRV_SetBaudRate
                0x00004594       0xd4 ./SDK/platform/drivers/src/lpuart/lpuart_driver.o
                0x00004594                LPUART_DRV_SetBaudRate
 .text.LPUART_DRV_Init
                0x00004668       0xe0 ./SDK/platform/drivers/src/lpuart/lpuart_driver.o
                0x00004668                LPUART_DRV_Init
 .text.LPUART_DRV_IRQHandler
                0x00004748      0x2a8 ./SDK/platform/drivers/src/lpuart/lpuart_driver.o
                0x00004748                LPUART_DRV_IRQHandler
 .text.LPUART_Init
                0x000049f0       0x24 ./SDK/platform/drivers/src/lpuart/lpuart_hw_access.o
                0x000049f0                LPUART_Init
 .text.LPUART_SetBitCountPerChar
                0x00004a14       0x30 ./SDK/platform/drivers/src/lpuart/lpuart_hw_access.o
                0x00004a14                LPUART_SetBitCountPerChar
 .text.LPUART_SetParityMode
                0x00004a44       0x1e ./SDK/platform/drivers/src/lpuart/lpuart_hw_access.o
                0x00004a44                LPUART_SetParityMode
 .text.LPUART_Putchar9
                0x00004a62       0x16 ./SDK/platform/drivers/src/lpuart/lpuart_hw_access.o
                0x00004a62                LPUART_Putchar9
 .text.LPUART_Putchar10
                0x00004a78       0x22 ./SDK/platform/drivers/src/lpuart/lpuart_hw_access.o
                0x00004a78                LPUART_Putchar10
 .text.LPUART_Getchar9
                0x00004a9a       0x12 ./SDK/platform/drivers/src/lpuart/lpuart_hw_access.o
                0x00004a9a                LPUART_Getchar9
 .text.LPUART_Getchar10
                0x00004aac       0x1e ./SDK/platform/drivers/src/lpuart/lpuart_hw_access.o
                0x00004aac                LPUART_Getchar10
 .text.LPUART_SetIntMode
                0x00004aca       0x70 ./SDK/platform/drivers/src/lpuart/lpuart_hw_access.o
                0x00004aca                LPUART_SetIntMode
 .text.LPUART_GetIntMode
                0x00004b3a       0x4a ./SDK/platform/drivers/src/lpuart/lpuart_hw_access.o
                0x00004b3a                LPUART_GetIntMode
 .text.LPUART_GetStatusFlag
                0x00004b84       0x48 ./SDK/platform/drivers/src/lpuart/lpuart_hw_access.o
                0x00004b84                LPUART_GetStatusFlag
 .text.LPUART_SetErrorInterrupts
                0x00004bcc       0x40 ./SDK/platform/drivers/src/lpuart/lpuart_hw_access.o
                0x00004bcc                LPUART_SetErrorInterrupts
 .text.LPUART0_IrqHandler
                0x00004c0c        0xa ./SDK/platform/drivers/src/lpuart/lpuart_irq.o
                0x00004c0c                LPUART0_IrqHandler
 .text.LPUART1_IrqHandler
                0x00004c16        0xa ./SDK/platform/drivers/src/lpuart/lpuart_irq.o
                0x00004c16                LPUART1_IrqHandler
 .text.LPUART2_IrqHandler
                0x00004c20        0xa ./SDK/platform/drivers/src/lpuart/lpuart_irq.o
                0x00004c20                LPUART2_IrqHandler
 .text.PINS_DRV_Init
                0x00004c2a       0x20 ./SDK/platform/drivers/src/pins/pins_driver.o
                0x00004c2a                PINS_DRV_Init
 .text.PINS_DRV_TogglePins
                0x00004c4a        0x4 ./SDK/platform/drivers/src/pins/pins_driver.o
                0x00004c4a                PINS_DRV_TogglePins
 .text.PINS_DRV_ReadPins
                0x00004c4e        0x4 ./SDK/platform/drivers/src/pins/pins_driver.o
                0x00004c4e                PINS_DRV_ReadPins
 *fill*         0x00004c52        0x2 
 .text.PINS_GetAdcInterleaveVal
                0x00004c54       0x70 ./SDK/platform/drivers/src/pins/pins_port_hw_access.o
 .text.PINS_Init
                0x00004cc4      0x114 ./SDK/platform/drivers/src/pins/pins_port_hw_access.o
                0x00004cc4                PINS_Init
 .text.CAN_FindFlexCANState
                0x00004dd8       0x30 ./SDK/platform/pal/src/can/can_pal.o
 .text.CAN_InternalCallback
                0x00004e08       0x6c ./SDK/platform/pal/src/can/can_pal.o
 .text.CAN_Init
                0x00004e74      0x130 ./SDK/platform/pal/src/can/can_pal.o
                0x00004e74                CAN_Init
 .text.CAN_ConfigTxBuff
                0x00004fa4       0x74 ./SDK/platform/pal/src/can/can_pal.o
                0x00004fa4                CAN_ConfigTxBuff
 .text.CAN_ConfigRxBuff
                0x00005018       0x7c ./SDK/platform/pal/src/can/can_pal.o
                0x00005018                CAN_ConfigRxBuff
 .text.CAN_Send
                0x00005094       0x7c ./SDK/platform/pal/src/can/can_pal.o
                0x00005094                CAN_Send
 .text.CAN_Receive
                0x00005110       0x48 ./SDK/platform/pal/src/can/can_pal.o
                0x00005110                CAN_Receive
 .text.CAN_SetRxFilter
                0x00005158       0x28 ./SDK/platform/pal/src/can/can_pal.o
                0x00005158                CAN_SetRxFilter
 .text.CAN_InstallEventCallback
                0x00005180       0x40 ./SDK/platform/pal/src/can/can_pal.o
                0x00005180                CAN_InstallEventCallback
 .text.I2C_MasterInit
                0x000051c0       0x98 ./SDK/platform/pal/src/i2c/i2c_pal.o
                0x000051c0                I2C_MasterInit
 .text.I2C_MasterSendDataBlocking
                0x00005258       0x1a ./SDK/platform/pal/src/i2c/i2c_pal.o
                0x00005258                I2C_MasterSendDataBlocking
 *fill*         0x00005272        0x2 
 .text.SysTick_Handler
                0x00005274       0x10 ./SDK/rtos/osif/osif_baremetal.o
                0x00005274                SysTick_Handler
 .text.OSIF_SemaWait
                0x00005284       0x74 ./SDK/rtos/osif/osif_baremetal.o
                0x00005284                OSIF_SemaWait
 .text.OSIF_SemaPost
                0x000052f8       0x26 ./SDK/rtos/osif/osif_baremetal.o
                0x000052f8                OSIF_SemaPost
 .text.OSIF_SemaCreate
                0x0000531e       0x14 ./SDK/rtos/osif/osif_baremetal.o
                0x0000531e                OSIF_SemaCreate
 .text.OSIF_SemaDestroy
                0x00005332        0x4 ./SDK/rtos/osif/osif_baremetal.o
                0x00005332                OSIF_SemaDestroy
 *fill*         0x00005336        0x2 
 .text.SysTick_Init
                0x00005338       0x14 ./Sources/delay.o
                0x00005338                SysTick_Init
 .text.delay_us
                0x0000534c       0x34 ./Sources/delay.o
                0x0000534c                delay_us
 .text.delay_ms
                0x00005380       0x1c ./Sources/delay.o
                0x00005380                delay_ms
 .text.delay_init
                0x0000539c       0x38 ./Sources/delay.o
                0x0000539c                delay_init
 .text.KEY_Proc
                0x000053d4       0xc0 ./Sources/key.o
                0x000053d4                KEY_Proc
 .text.CAN0_Callback_Func
                0x00005494       0x24 ./Sources/main.o
                0x00005494                CAN0_Callback_Func
 .text.CAN1_Callback_Func
                0x000054b8       0x24 ./Sources/main.o
                0x000054b8                CAN1_Callback_Func
 .text.CAN2_Callback_Func
                0x000054dc       0x24 ./Sources/main.o
                0x000054dc                CAN2_Callback_Func
 .text.CAN0_Init
                0x00005500       0x68 ./Sources/main.o
                0x00005500                CAN0_Init
 .text.CAN1_Init
                0x00005568       0x68 ./Sources/main.o
                0x00005568                CAN1_Init
 .text.CAN2_Init
                0x000055d0       0x68 ./Sources/main.o
                0x000055d0                CAN2_Init
 .text.main     0x00005638      0x444 ./Sources/main.o
                0x00005638                main
 .text.I2c_Send_Byte
                0x00005a7c       0x28 ./Sources/oled.o
                0x00005a7c                I2c_Send_Byte
 .text.OLED_WrDat
                0x00005aa4        0xc ./Sources/oled.o
                0x00005aa4                OLED_WrDat
 .text.OLED_WrCmd
                0x00005ab0        0xc ./Sources/oled.o
                0x00005ab0                OLED_WrCmd
 .text.OLED_Set_Pos
                0x00005abc       0x24 ./Sources/oled.o
                0x00005abc                OLED_Set_Pos
 .text.OLED_Fill
                0x00005ae0       0x38 ./Sources/oled.o
                0x00005ae0                OLED_Fill
 .text.OLED_ShowCHinese
                0x00005b18       0xa8 ./Sources/oled.o
                0x00005b18                OLED_ShowCHinese
 .text.OLED_ShowChar
                0x00005bc0       0xdc ./Sources/oled.o
                0x00005bc0                OLED_ShowChar
 .text.OLED_ShowString
                0x00005c9c       0x48 ./Sources/oled.o
                0x00005c9c                OLED_ShowString
 .text.OLED_ShowStringCHN
                0x00005ce4       0x2e ./Sources/oled.o
                0x00005ce4                OLED_ShowStringCHN
 *fill*         0x00005d12        0x2 
 .text.OLED_TITLE
                0x00005d14       0x44 ./Sources/oled.o
                0x00005d14                OLED_TITLE
 .text.oled_init
                0x00005d58       0xc6 ./Sources/oled.o
                0x00005d58                oled_init
 *fill*         0x00005e1e        0x2 
 .text.u1_printf
                0x00005e20       0x44 ./Sources/uart.o
                0x00005e20                u1_printf
 .text.__sflush_r
                0x00005e64      0x110 C:/NXP/S32DS_ARM_v2.2/S32DS/build_tools/gcc_v6.3/gcc-6.3-arm32-eabi/arm-none-eabi/newlib/lib/thumb/v7e-m/fpv4-sp/hard\libc_nano.a(lib_a-fflush.o)
                0x00005e64                __sflush_r
 .text._fflush_r
                0x00005f74       0x54 C:/NXP/S32DS_ARM_v2.2/S32DS/build_tools/gcc_v6.3/gcc-6.3-arm32-eabi/arm-none-eabi/newlib/lib/thumb/v7e-m/fpv4-sp/hard\libc_nano.a(lib_a-fflush.o)
                0x00005f74                _fflush_r
 .text.fflush   0x00005fc8       0x24 C:/NXP/S32DS_ARM_v2.2/S32DS/build_tools/gcc_v6.3/gcc-6.3-arm32-eabi/arm-none-eabi/newlib/lib/thumb/v7e-m/fpv4-sp/hard\libc_nano.a(lib_a-fflush.o)
                0x00005fc8                fflush
 .text._cleanup_r
                0x00005fec        0xc C:/NXP/S32DS_ARM_v2.2/S32DS/build_tools/gcc_v6.3/gcc-6.3-arm32-eabi/arm-none-eabi/newlib/lib/thumb/v7e-m/fpv4-sp/hard\libc_nano.a(lib_a-findfp.o)
                0x00005fec                _cleanup_r
 .text.std.isra.0
                0x00005ff8       0x48 C:/NXP/S32DS_ARM_v2.2/S32DS/build_tools/gcc_v6.3/gcc-6.3-arm32-eabi/arm-none-eabi/newlib/lib/thumb/v7e-m/fpv4-sp/hard\libc_nano.a(lib_a-findfp.o)
 .text.__sfmoreglue
                0x00006040       0x2c C:/NXP/S32DS_ARM_v2.2/S32DS/build_tools/gcc_v6.3/gcc-6.3-arm32-eabi/arm-none-eabi/newlib/lib/thumb/v7e-m/fpv4-sp/hard\libc_nano.a(lib_a-findfp.o)
                0x00006040                __sfmoreglue
 .text.__sinit  0x0000606c       0x60 C:/NXP/S32DS_ARM_v2.2/S32DS/build_tools/gcc_v6.3/gcc-6.3-arm32-eabi/arm-none-eabi/newlib/lib/thumb/v7e-m/fpv4-sp/hard\libc_nano.a(lib_a-findfp.o)
                0x0000606c                __sinit
 .text.__sfp    0x000060cc       0x78 C:/NXP/S32DS_ARM_v2.2/S32DS/build_tools/gcc_v6.3/gcc-6.3-arm32-eabi/arm-none-eabi/newlib/lib/thumb/v7e-m/fpv4-sp/hard\libc_nano.a(lib_a-findfp.o)
                0x000060cc                __sfp
 .text._fwalk_reent
                0x00006144       0x3c C:/NXP/S32DS_ARM_v2.2/S32DS/build_tools/gcc_v6.3/gcc-6.3-arm32-eabi/arm-none-eabi/newlib/lib/thumb/v7e-m/fpv4-sp/hard\libc_nano.a(lib_a-fwalk.o)
                0x00006144                _fwalk_reent
 .text.memset   0x00006180       0x10 C:/NXP/S32DS_ARM_v2.2/S32DS/build_tools/gcc_v6.3/gcc-6.3-arm32-eabi/arm-none-eabi/newlib/lib/thumb/v7e-m/fpv4-sp/hard\libc_nano.a(lib_a-memset.o)
                0x00006180                memset
 .text._free_r  0x00006190       0x9c C:/NXP/S32DS_ARM_v2.2/S32DS/build_tools/gcc_v6.3/gcc-6.3-arm32-eabi/arm-none-eabi/newlib/lib/thumb/v7e-m/fpv4-sp/hard\libc_nano.a(lib_a-nano-freer.o)
                0x00006190                _free_r
 .text._malloc_r
                0x0000622c       0xbc C:/NXP/S32DS_ARM_v2.2/S32DS/build_tools/gcc_v6.3/gcc-6.3-arm32-eabi/arm-none-eabi/newlib/lib/thumb/v7e-m/fpv4-sp/hard\libc_nano.a(lib_a-nano-mallocr.o)
                0x0000622c                _malloc_r
 .text._sbrk_r  0x000062e8       0x20 C:/NXP/S32DS_ARM_v2.2/S32DS/build_tools/gcc_v6.3/gcc-6.3-arm32-eabi/arm-none-eabi/newlib/lib/thumb/v7e-m/fpv4-sp/hard\libc_nano.a(lib_a-sbrkr.o)
                0x000062e8                _sbrk_r
 .text.sprintf  0x00006308       0x48 C:/NXP/S32DS_ARM_v2.2/S32DS/build_tools/gcc_v6.3/gcc-6.3-arm32-eabi/arm-none-eabi/newlib/lib/thumb/v7e-m/fpv4-sp/hard\libc_nano.a(lib_a-sprintf.o)
                0x00006308                siprintf
                0x00006308                sprintf
 .text.__sread  0x00006350       0x22 C:/NXP/S32DS_ARM_v2.2/S32DS/build_tools/gcc_v6.3/gcc-6.3-arm32-eabi/arm-none-eabi/newlib/lib/thumb/v7e-m/fpv4-sp/hard\libc_nano.a(lib_a-stdio.o)
                0x00006350                __sread
 .text.__swrite
                0x00006372       0x38 C:/NXP/S32DS_ARM_v2.2/S32DS/build_tools/gcc_v6.3/gcc-6.3-arm32-eabi/arm-none-eabi/newlib/lib/thumb/v7e-m/fpv4-sp/hard\libc_nano.a(lib_a-stdio.o)
                0x00006372                __swrite
 .text.__sseek  0x000063aa       0x24 C:/NXP/S32DS_ARM_v2.2/S32DS/build_tools/gcc_v6.3/gcc-6.3-arm32-eabi/arm-none-eabi/newlib/lib/thumb/v7e-m/fpv4-sp/hard\libc_nano.a(lib_a-stdio.o)
                0x000063aa                __sseek
 .text.__sclose
                0x000063ce        0x8 C:/NXP/S32DS_ARM_v2.2/S32DS/build_tools/gcc_v6.3/gcc-6.3-arm32-eabi/arm-none-eabi/newlib/lib/thumb/v7e-m/fpv4-sp/hard\libc_nano.a(lib_a-stdio.o)
                0x000063ce                __sclose
 .text._vsprintf_r
                0x000063d6       0x30 C:/NXP/S32DS_ARM_v2.2/S32DS/build_tools/gcc_v6.3/gcc-6.3-arm32-eabi/arm-none-eabi/newlib/lib/thumb/v7e-m/fpv4-sp/hard\libc_nano.a(lib_a-vsprintf.o)
                0x000063d6                _vsprintf_r
                0x000063d6                _vsiprintf_r
 *fill*         0x00006406        0x2 
 .text.vsprintf
                0x00006408       0x14 C:/NXP/S32DS_ARM_v2.2/S32DS/build_tools/gcc_v6.3/gcc-6.3-arm32-eabi/arm-none-eabi/newlib/lib/thumb/v7e-m/fpv4-sp/hard\libc_nano.a(lib_a-vsprintf.o)
                0x00006408                vsiprintf
                0x00006408                vsprintf
 .text._write_r
                0x0000641c       0x24 C:/NXP/S32DS_ARM_v2.2/S32DS/build_tools/gcc_v6.3/gcc-6.3-arm32-eabi/arm-none-eabi/newlib/lib/thumb/v7e-m/fpv4-sp/hard\libc_nano.a(lib_a-writer.o)
                0x0000641c                _write_r
 .text._close_r
                0x00006440       0x20 C:/NXP/S32DS_ARM_v2.2/S32DS/build_tools/gcc_v6.3/gcc-6.3-arm32-eabi/arm-none-eabi/newlib/lib/thumb/v7e-m/fpv4-sp/hard\libc_nano.a(lib_a-closer.o)
                0x00006440                _close_r
 .text._lseek_r
                0x00006460       0x24 C:/NXP/S32DS_ARM_v2.2/S32DS/build_tools/gcc_v6.3/gcc-6.3-arm32-eabi/arm-none-eabi/newlib/lib/thumb/v7e-m/fpv4-sp/hard\libc_nano.a(lib_a-lseekr.o)
                0x00006460                _lseek_r
 .text.__malloc_lock
                0x00006484        0x2 C:/NXP/S32DS_ARM_v2.2/S32DS/build_tools/gcc_v6.3/gcc-6.3-arm32-eabi/arm-none-eabi/newlib/lib/thumb/v7e-m/fpv4-sp/hard\libc_nano.a(lib_a-mlock.o)
                0x00006484                __malloc_lock
 .text.__malloc_unlock
                0x00006486        0x2 C:/NXP/S32DS_ARM_v2.2/S32DS/build_tools/gcc_v6.3/gcc-6.3-arm32-eabi/arm-none-eabi/newlib/lib/thumb/v7e-m/fpv4-sp/hard\libc_nano.a(lib_a-mlock.o)
                0x00006486                __malloc_unlock
 .text.__ssputs_r
                0x00006488       0xb6 C:/NXP/S32DS_ARM_v2.2/S32DS/build_tools/gcc_v6.3/gcc-6.3-arm32-eabi/arm-none-eabi/newlib/lib/thumb/v7e-m/fpv4-sp/hard\libc_nano.a(lib_a-nano-svfprintf.o)
                0x00006488                __ssputs_r
 *fill*         0x0000653e        0x2 
 .text._svfprintf_r
                0x00006540      0x1e8 C:/NXP/S32DS_ARM_v2.2/S32DS/build_tools/gcc_v6.3/gcc-6.3-arm32-eabi/arm-none-eabi/newlib/lib/thumb/v7e-m/fpv4-sp/hard\libc_nano.a(lib_a-nano-svfprintf.o)
                0x00006540                _svfiprintf_r
                0x00006540                _svfprintf_r
 .text._printf_common
                0x00006728       0xec C:/NXP/S32DS_ARM_v2.2/S32DS/build_tools/gcc_v6.3/gcc-6.3-arm32-eabi/arm-none-eabi/newlib/lib/thumb/v7e-m/fpv4-sp/hard\libc_nano.a(lib_a-nano-vfprintf_i.o)
                0x00006728                _printf_common
 .text._printf_i
                0x00006814      0x240 C:/NXP/S32DS_ARM_v2.2/S32DS/build_tools/gcc_v6.3/gcc-6.3-arm32-eabi/arm-none-eabi/newlib/lib/thumb/v7e-m/fpv4-sp/hard\libc_nano.a(lib_a-nano-vfprintf_i.o)
                0x00006814                _printf_i
 .text._read_r  0x00006a54       0x24 C:/NXP/S32DS_ARM_v2.2/S32DS/build_tools/gcc_v6.3/gcc-6.3-arm32-eabi/arm-none-eabi/newlib/lib/thumb/v7e-m/fpv4-sp/hard\libc_nano.a(lib_a-readr.o)
                0x00006a54                _read_r
 .text.memcpy   0x00006a78       0x16 C:/NXP/S32DS_ARM_v2.2/S32DS/build_tools/gcc_v6.3/gcc-6.3-arm32-eabi/arm-none-eabi/newlib/lib/thumb/v7e-m/fpv4-sp/hard\libc_nano.a(lib_a-memcpy-stub.o)
                0x00006a78                memcpy
 .text.memmove  0x00006a8e       0x34 C:/NXP/S32DS_ARM_v2.2/S32DS/build_tools/gcc_v6.3/gcc-6.3-arm32-eabi/arm-none-eabi/newlib/lib/thumb/v7e-m/fpv4-sp/hard\libc_nano.a(lib_a-memmove.o)
                0x00006a8e                memmove
 .text._realloc_r
                0x00006ac2       0x4c C:/NXP/S32DS_ARM_v2.2/S32DS/build_tools/gcc_v6.3/gcc-6.3-arm32-eabi/arm-none-eabi/newlib/lib/thumb/v7e-m/fpv4-sp/hard\libc_nano.a(lib_a-nano-reallocr.o)
                0x00006ac2                _realloc_r
 .text._malloc_usable_size_r
                0x00006b0e       0x12 C:/NXP/S32DS_ARM_v2.2/S32DS/build_tools/gcc_v6.3/gcc-6.3-arm32-eabi/arm-none-eabi/newlib/lib/thumb/v7e-m/fpv4-sp/hard\libc_nano.a(lib_a-nano-msizer.o)
                0x00006b0e                _malloc_usable_size_r
 .text._close   0x00006b20       0x10 C:/NXP/S32DS_ARM_v2.2/S32DS/build_tools/gcc_v6.3/gcc-6.3-arm32-eabi/arm-none-eabi/newlib/lib/thumb/v7e-m/fpv4-sp/hard\libnosys.a(close.o)
                0x00006b20                _close
 .text._lseek   0x00006b30       0x10 C:/NXP/S32DS_ARM_v2.2/S32DS/build_tools/gcc_v6.3/gcc-6.3-arm32-eabi/arm-none-eabi/newlib/lib/thumb/v7e-m/fpv4-sp/hard\libnosys.a(lseek.o)
                0x00006b30                _lseek
 .text._read    0x00006b40       0x10 C:/NXP/S32DS_ARM_v2.2/S32DS/build_tools/gcc_v6.3/gcc-6.3-arm32-eabi/arm-none-eabi/newlib/lib/thumb/v7e-m/fpv4-sp/hard\libnosys.a(read.o)
                0x00006b40                _read
 .text._sbrk    0x00006b50       0x1c C:/NXP/S32DS_ARM_v2.2/S32DS/build_tools/gcc_v6.3/gcc-6.3-arm32-eabi/arm-none-eabi/newlib/lib/thumb/v7e-m/fpv4-sp/hard\libnosys.a(sbrk.o)
                0x00006b50                _sbrk
 .text._write   0x00006b6c       0x10 C:/NXP/S32DS_ARM_v2.2/S32DS/build_tools/gcc_v6.3/gcc-6.3-arm32-eabi/arm-none-eabi/newlib/lib/thumb/v7e-m/fpv4-sp/hard\libnosys.a(write.o)
                0x00006b6c                _write
 *(.rodata)
 .rodata        0x00006b7c        0x4 ./Sources/oled.o
 *(.rodata*)
 .rodata.DBCResolver3_M
                0x00006b80        0x4 ./Conmunication_Matrix/CAN_3/DLL/DBCResolver3_ert_rtw/DBCResolver3.o
                0x00006b80                DBCResolver3_M
 .rodata.can_pal0_Config0
                0x00006b84       0x34 ./Generated_Code/can_pal0.o
                0x00006b84                can_pal0_Config0
 .rodata.can_pal0_instance
                0x00006bb8        0x8 ./Generated_Code/can_pal0.o
                0x00006bb8                can_pal0_instance
 .rodata.can_pal1_Config0
                0x00006bc0       0x34 ./Generated_Code/can_pal1.o
                0x00006bc0                can_pal1_Config0
 .rodata.can_pal1_instance
                0x00006bf4        0x8 ./Generated_Code/can_pal1.o
                0x00006bf4                can_pal1_instance
 .rodata.can_pal2_instance
                0x00006bfc        0x8 ./Generated_Code/can_pal2.o
                0x00006bfc                can_pal2_instance
 .rodata.i2c1_MasterConfig0
                0x00006c04       0x18 ./Generated_Code/i2c1.o
                0x00006c04                i2c1_MasterConfig0
 .rodata.lpuart1_InitConfig0
                0x00006c1c        0xc ./Generated_Code/lpuart1.o
                0x00006c1c                lpuart1_InitConfig0
 .rodata.clockNameMappings
                0x00006c28       0x9e ./SDK/platform/drivers/src/clock/S32K1xx/clock_S32K1xx.o
                0x00006c28                clockNameMappings
 *fill*         0x00006cc6        0x2 
 .rodata.maxSysClksInHSRUN.7598
                0x00006cc8       0x54 ./SDK/platform/drivers/src/clock/S32K1xx/clock_S32K1xx.o
 .rodata.maxSysClksInRUN.7597
                0x00006d1c       0x54 ./SDK/platform/drivers/src/clock/S32K1xx/clock_S32K1xx.o
 .rodata.maxSysClksInVLPR.7596
                0x00006d70       0x54 ./SDK/platform/drivers/src/clock/S32K1xx/clock_S32K1xx.o
 .rodata.peripheralFeaturesList
                0x00006dc4       0x4f ./SDK/platform/drivers/src/clock/S32K1xx/clock_S32K1xx.o
                0x00006dc4                peripheralFeaturesList
 *fill*         0x00006e13        0x1 
 .rodata.g_flexcanBase
                0x00006e14        0xc ./SDK/platform/drivers/src/flexcan/flexcan_driver.o
 .rodata.g_flexcanBusOffIrqId
                0x00006e20        0x3 ./SDK/platform/drivers/src/flexcan/flexcan_driver.o
 *fill*         0x00006e23        0x1 
 .rodata.g_flexcanErrorIrqId
                0x00006e24        0x3 ./SDK/platform/drivers/src/flexcan/flexcan_driver.o
 *fill*         0x00006e27        0x1 
 .rodata.g_flexcanOredMessageBufferIrqId
                0x00006e28        0x6 ./SDK/platform/drivers/src/flexcan/flexcan_driver.o
 *fill*         0x00006e2e        0x2 
 .rodata.g_flexcanWakeUpIrqId
                0x00006e30        0x3 ./SDK/platform/drivers/src/flexcan/flexcan_driver.o
 *fill*         0x00006e33        0x1 
 .rodata.payload_code.7337
                0x00006e34       0x41 ./SDK/platform/drivers/src/flexcan/flexcan_hw_access.o
 *fill*         0x00006e75        0x3 
 .rodata.g_lpi2cDMASrc
                0x00006e78        0x2 ./SDK/platform/drivers/src/lpi2c/lpi2c_driver.o
 *fill*         0x00006e7a        0x2 
 .rodata.s_lpuartBase
                0x00006e7c        0xc ./SDK/platform/drivers/src/lpuart/lpuart_driver.o
 .rodata.s_lpuartClkNames
                0x00006e88        0x3 ./SDK/platform/drivers/src/lpuart/lpuart_driver.o
 *fill*         0x00006e8b        0x1 
 .rodata.s_lpuartRxTxIrqId
                0x00006e8c        0x3 ./SDK/platform/drivers/src/lpuart/lpuart_driver.o
 *fill*         0x00006e8f        0x1 
 .rodata.F6x8   0x00006e90      0x228 ./Sources/font.o
                0x00006e90                F6x8
 .rodata.F8X16  0x000070b8      0x5f0 ./Sources/font.o
                0x000070b8                F8X16
 .rodata.main.str1.4
                0x000076a8      0x1e0 ./Sources/main.o
                                0x1dd (size before relaxing)
 .rodata.__sf_fake_stderr
                0x00007888       0x20 C:/NXP/S32DS_ARM_v2.2/S32DS/build_tools/gcc_v6.3/gcc-6.3-arm32-eabi/arm-none-eabi/newlib/lib/thumb/v7e-m/fpv4-sp/hard\libc_nano.a(lib_a-findfp.o)
                0x00007888                __sf_fake_stderr
 .rodata.__sf_fake_stdin
                0x000078a8       0x20 C:/NXP/S32DS_ARM_v2.2/S32DS/build_tools/gcc_v6.3/gcc-6.3-arm32-eabi/arm-none-eabi/newlib/lib/thumb/v7e-m/fpv4-sp/hard\libc_nano.a(lib_a-findfp.o)
                0x000078a8                __sf_fake_stdin
 .rodata.__sf_fake_stdout
                0x000078c8       0x20 C:/NXP/S32DS_ARM_v2.2/S32DS/build_tools/gcc_v6.3/gcc-6.3-arm32-eabi/arm-none-eabi/newlib/lib/thumb/v7e-m/fpv4-sp/hard\libc_nano.a(lib_a-findfp.o)
                0x000078c8                __sf_fake_stdout
 .rodata._global_impure_ptr
                0x000078e8        0x4 C:/NXP/S32DS_ARM_v2.2/S32DS/build_tools/gcc_v6.3/gcc-6.3-arm32-eabi/arm-none-eabi/newlib/lib/thumb/v7e-m/fpv4-sp/hard\libc_nano.a(lib_a-impure.o)
                0x000078e8                _global_impure_ptr
 .rodata._svfprintf_r.str1.1
                0x000078ec       0x11 C:/NXP/S32DS_ARM_v2.2/S32DS/build_tools/gcc_v6.3/gcc-6.3-arm32-eabi/arm-none-eabi/newlib/lib/thumb/v7e-m/fpv4-sp/hard\libc_nano.a(lib_a-nano-svfprintf.o)
 .rodata._printf_i.str1.1
                0x000078fd       0x22 C:/NXP/S32DS_ARM_v2.2/S32DS/build_tools/gcc_v6.3/gcc-6.3-arm32-eabi/arm-none-eabi/newlib/lib/thumb/v7e-m/fpv4-sp/hard\libc_nano.a(lib_a-nano-vfprintf_i.o)
 *(.init)
 *fill*         0x0000791f        0x1 
 .init          0x00007920        0x4 c:/nxp/s32ds_arm_v2.2/s32ds/build_tools/gcc_v6.3/gcc-6.3-arm32-eabi/bin/../lib/gcc/arm-none-eabi/6.3.1/thumb/v7e-m/fpv4-sp/hard/crti.o
                0x00007920                _init
 *(.fini)
 .fini          0x00007924        0x4 c:/nxp/s32ds_arm_v2.2/s32ds/build_tools/gcc_v6.3/gcc-6.3-arm32-eabi/bin/../lib/gcc/arm-none-eabi/6.3.1/thumb/v7e-m/fpv4-sp/hard/crti.o
                0x00007924                _fini
 *(.eh_frame)
                0x00007928                . = ALIGN (0x4)

.glue_7         0x00007928        0x0
 .glue_7        0x00007928        0x0 linker stubs

.glue_7t        0x00007928        0x0
 .glue_7t       0x00007928        0x0 linker stubs

.vfp11_veneer   0x00007928        0x0
 .vfp11_veneer  0x00007928        0x0 linker stubs

.v4_bx          0x00007928        0x0
 .v4_bx         0x00007928        0x0 linker stubs

.iplt           0x00007928        0x0
 .iplt          0x00007928        0x0 c:/nxp/s32ds_arm_v2.2/s32ds/build_tools/gcc_v6.3/gcc-6.3-arm32-eabi/bin/../lib/gcc/arm-none-eabi/6.3.1/thumb/v7e-m/fpv4-sp/hard/crtbegin.o

.rel.dyn        0x00007928        0x0
 .rel.iplt      0x00007928        0x0 c:/nxp/s32ds_arm_v2.2/s32ds/build_tools/gcc_v6.3/gcc-6.3-arm32-eabi/bin/../lib/gcc/arm-none-eabi/6.3.1/thumb/v7e-m/fpv4-sp/hard/crtbegin.o

.ARM            0x00007928        0x0
                0x00007928                __exidx_start = .
 *(.ARM.exidx*)
                0x00007928                __exidx_end = .
                0x00007928                __etext = .
                0x00007928                __DATA_ROM = .

.interrupts_ram
                0x1fff8000      0x400
                0x1fff8000                . = ALIGN (0x4)
                0x1fff8000                __VECTOR_RAM__ = .
                0x1fff8000                __RAM_START = .
                0x1fff8000                __interrupts_ram_start__ = .
 *(.m_interrupts_ram)
                0x1fff8400                . = (. + M_VECTOR_RAM_SIZE)
 *fill*         0x1fff8000      0x400 
                0x1fff8400                . = ALIGN (0x4)
                0x1fff8400                __interrupts_ram_end__ = .
                0x1fff8000                __VECTOR_RAM = DEFINED (__flash_vector_table__)?ORIGIN (m_interrupts):__VECTOR_RAM__
                0x00000400                __RAM_VECTOR_TABLE_SIZE = DEFINED (__flash_vector_table__)?0x0:(__interrupts_ram_end__ - __interrupts_ram_start__)

.data           0x1fff8400      0x640 load address 0x00007928
                0x1fff8400                . = ALIGN (0x4)
                0x1fff8400                __DATA_RAM = .
                0x1fff8400                __data_start__ = .
 *(.data)
 *(.data*)
 .data.clockMan1_InitConfig0
                0x1fff8400       0x78 ./Generated_Code/clockMan1.o
                0x1fff8400                clockMan1_InitConfig0
 .data.g_clockManConfigsArr
                0x1fff8478        0x4 ./Generated_Code/clockMan1.o
                0x1fff8478                g_clockManConfigsArr
 .data.peripheralClockConfig0
                0x1fff847c       0x55 ./Generated_Code/clockMan1.o
                0x1fff847c                peripheralClockConfig0
 *fill*         0x1fff84d1        0x3 
 .data.g_pin_mux_InitConfigArr
                0x1fff84d4      0x198 ./Generated_Code/pin_mux.o
                0x1fff84d4                g_pin_mux_InitConfigArr
 .data.peripheralClockConfig.7360
                0x1fff866c       0xa0 ./SDK/platform/drivers/src/clock/S32K1xx/clock_S32K1xx.o
 .data.g_lpuartIsr
                0x1fff870c        0xc ./SDK/platform/drivers/src/lpuart/lpuart_irq.o
                0x1fff870c                g_lpuartIsr
 .data.Hzk      0x1fff8718      0x2c0 ./Sources/font.o
                0x1fff8718                Hzk
 .data.key_up.8946
                0x1fff89d8        0x1 ./Sources/key.o
 *fill*         0x1fff89d9        0x3 
 .data._impure_ptr
                0x1fff89dc        0x4 C:/NXP/S32DS_ARM_v2.2/S32DS/build_tools/gcc_v6.3/gcc-6.3-arm32-eabi/arm-none-eabi/newlib/lib/thumb/v7e-m/fpv4-sp/hard\libc_nano.a(lib_a-impure.o)
                0x1fff89dc                _impure_ptr
 .data.impure_data
                0x1fff89e0       0x60 C:/NXP/S32DS_ARM_v2.2/S32DS/build_tools/gcc_v6.3/gcc-6.3-arm32-eabi/arm-none-eabi/newlib/lib/thumb/v7e-m/fpv4-sp/hard\libc_nano.a(lib_a-impure.o)
                0x1fff8a40                . = ALIGN (0x4)
                0x1fff8a40                __data_end__ = .
                0x00007f68                __DATA_END = (__DATA_ROM + (__data_end__ - __data_start__))
                0x00007f68                __CODE_ROM = __DATA_END

.igot.plt       0x1fff8a40        0x0 load address 0x00007f68
 .igot.plt      0x1fff8a40        0x0 c:/nxp/s32ds_arm_v2.2/s32ds/build_tools/gcc_v6.3/gcc-6.3-arm32-eabi/bin/../lib/gcc/arm-none-eabi/6.3.1/thumb/v7e-m/fpv4-sp/hard/crtbegin.o

.code           0x1fff8a40        0x0 load address 0x00007f68
                0x1fff8a40                . = ALIGN (0x4)
                0x1fff8a40                __CODE_RAM = .
                0x1fff8a40                __code_start__ = .
                0x1fff8a40                __code_ram_start__ = .
 *(.code_ram)
                0x1fff8a40                . = ALIGN (0x4)
                0x1fff8a40                __code_end__ = .
                0x1fff8a40                __code_ram_end__ = .
                0x00007f68                __CODE_END = (__CODE_ROM + (__code_end__ - __code_start__))
                0x00007f68                __CUSTOM_ROM = __CODE_END

.customSectionBlock
                0x20000000        0x0 load address 0x00007f68
                0x20000000                __customSection_start__ = .
 *(.customSection)
                0x20000000                __customSection_end__ = .
                0x00007f68                __CUSTOM_END = (__CUSTOM_ROM + (__customSection_end__ - __customSection_start__))

.bss            0x20000000      0x7ac
                0x20000000                . = ALIGN (0x4)
                0x20000000                __BSS_START = .
                0x20000000                __bss_start__ = .
 *(.bss)
 *(.bss*)
 .bss.DBCResolver3_M_
                0x20000000        0x4 ./Conmunication_Matrix/CAN_3/DLL/DBCResolver3_ert_rtw/DBCResolver3.o
 *fill*         0x20000004        0x4 
 .bss.rtInf     0x20000008        0x8 ./Conmunication_Matrix/Common/rt_nonfinite.o
                0x20000008                rtInf
 .bss.rtInfF    0x20000010        0x4 ./Conmunication_Matrix/Common/rt_nonfinite.o
                0x20000010                rtInfF
 *fill*         0x20000014        0x4 
 .bss.rtMinusInf
                0x20000018        0x8 ./Conmunication_Matrix/Common/rt_nonfinite.o
                0x20000018                rtMinusInf
 .bss.rtMinusInfF
                0x20000020        0x4 ./Conmunication_Matrix/Common/rt_nonfinite.o
                0x20000020                rtMinusInfF
 *fill*         0x20000024        0x4 
 .bss.rtNaN     0x20000028        0x8 ./Conmunication_Matrix/Common/rt_nonfinite.o
                0x20000028                rtNaN
 .bss.rtNaNF    0x20000030        0x4 ./Conmunication_Matrix/Common/rt_nonfinite.o
                0x20000030                rtNaNF
 .bss.g_clockManCallbacksArr
                0x20000034        0x4 ./Generated_Code/clockMan1.o
                0x20000034                g_clockManCallbacksArr
 .bss.i2c1_instance
                0x20000038        0x8 ./Generated_Code/i2c1.o
                0x20000038                i2c1_instance
 .bss.lpuart1_State
                0x20000040       0x34 ./Generated_Code/lpuart1.o
                0x20000040                lpuart1_State
 .bss.g_RtcClkInFreq
                0x20000074        0x4 ./SDK/platform/drivers/src/clock/S32K1xx/clock_S32K1xx.o
                0x20000074                g_RtcClkInFreq
 .bss.g_TClkFreq
                0x20000078        0xc ./SDK/platform/drivers/src/clock/S32K1xx/clock_S32K1xx.o
                0x20000078                g_TClkFreq
 .bss.g_clockState
                0x20000084       0x10 ./SDK/platform/drivers/src/clock/S32K1xx/clock_S32K1xx.o
 .bss.g_xtal0ClkFreq
                0x20000094        0x4 ./SDK/platform/drivers/src/clock/S32K1xx/clock_S32K1xx.o
                0x20000094                g_xtal0ClkFreq
 .bss.s_virtEdmaState
                0x20000098        0x4 ./SDK/platform/drivers/src/edma/edma_driver.o
 .bss.g_flexcanStatePtr
                0x2000009c        0xc ./SDK/platform/drivers/src/flexcan/flexcan_driver.o
 .bss.g_interruptDisableCount
                0x200000a8        0x4 ./SDK/platform/drivers/src/interrupt/interrupt_manager.o
 .bss.g_lpi2cMasterStatePtr
                0x200000ac        0x4 ./SDK/platform/drivers/src/lpi2c/lpi2c_driver.o
 .bss.g_lpi2cSlaveStatePtr
                0x200000b0        0x4 ./SDK/platform/drivers/src/lpi2c/lpi2c_driver.o
 .bss.s_lpuartStatePtr
                0x200000b4        0xc ./SDK/platform/drivers/src/lpuart/lpuart_driver.o
 .bss.s_flexcanRxFifoState
                0x200000c0        0x6 ./SDK/platform/pal/src/can/can_pal.o
 *fill*         0x200000c6        0x2 
 .bss.s_flexcanState
                0x200000c8      0x33c ./SDK/platform/pal/src/can/can_pal.o
 .bss.s_flexcanStateInstanceMapping
                0x20000404        0xc ./SDK/platform/pal/src/can/can_pal.o
 .bss.s_flexcanStateIsAllocated
                0x20000410        0x3 ./SDK/platform/pal/src/can/can_pal.o
 *fill*         0x20000413        0x1 
 .bss.s_hwObjConfigs
                0x20000414      0x180 ./SDK/platform/pal/src/can/can_pal.o
 .bss.userCallbacks
                0x20000594        0xc ./SDK/platform/pal/src/can/can_pal.o
 .bss.Lpi2cMasterState
                0x200005a0       0x3c ./SDK/platform/pal/src/i2c/i2c_pal.o
 .bss.Lpi2cStateInstanceMapping
                0x200005dc        0x4 ./SDK/platform/pal/src/i2c/i2c_pal.o
 .bss.Lpi2cStateIsAllocated
                0x200005e0        0x1 ./SDK/platform/pal/src/i2c/i2c_pal.o
 *fill*         0x200005e1        0x3 
 .bss.s_osif_tick_cnt
                0x200005e4        0x4 ./SDK/rtos/osif/osif_baremetal.o
 .bss.fac_us    0x200005e8        0x4 ./Sources/delay.o
 .bss.IRQ_CAN0_RX
                0x200005ec        0x1 ./Sources/main.o
                0x200005ec                IRQ_CAN0_RX
 .bss.IRQ_CAN1_RX
                0x200005ed        0x1 ./Sources/main.o
                0x200005ed                IRQ_CAN1_RX
 .bss.IRQ_CAN2_RX
                0x200005ee        0x1 ./Sources/main.o
                0x200005ee                IRQ_CAN2_RX
 *fill*         0x200005ef        0x1 
 .bss.recvMsg_CAN0
                0x200005f0       0x4c ./Sources/main.o
                0x200005f0                recvMsg_CAN0
 .bss.recvMsg_CAN1
                0x2000063c       0x4c ./Sources/main.o
                0x2000063c                recvMsg_CAN1
 .bss.recvMsg_CAN2
                0x20000688       0x4c ./Sources/main.o
                0x20000688                recvMsg_CAN2
 .bss.USART1_TX_BUF
                0x200006d4       0xc8 ./Sources/uart.o
                0x200006d4                USART1_TX_BUF
 .bss.__malloc_free_list
                0x2000079c        0x4 C:/NXP/S32DS_ARM_v2.2/S32DS/build_tools/gcc_v6.3/gcc-6.3-arm32-eabi/arm-none-eabi/newlib/lib/thumb/v7e-m/fpv4-sp/hard\libc_nano.a(lib_a-nano-mallocr.o)
                0x2000079c                __malloc_free_list
 .bss.__malloc_sbrk_start
                0x200007a0        0x4 C:/NXP/S32DS_ARM_v2.2/S32DS/build_tools/gcc_v6.3/gcc-6.3-arm32-eabi/arm-none-eabi/newlib/lib/thumb/v7e-m/fpv4-sp/hard\libc_nano.a(lib_a-nano-mallocr.o)
                0x200007a0                __malloc_sbrk_start
 .bss.heap_end.5365
                0x200007a4        0x4 C:/NXP/S32DS_ARM_v2.2/S32DS/build_tools/gcc_v6.3/gcc-6.3-arm32-eabi/arm-none-eabi/newlib/lib/thumb/v7e-m/fpv4-sp/hard\libnosys.a(sbrk.o)
 *(COMMON)
 COMMON         0x200007a8        0x4 C:/NXP/S32DS_ARM_v2.2/S32DS/build_tools/gcc_v6.3/gcc-6.3-arm32-eabi/arm-none-eabi/newlib/lib/thumb/v7e-m/fpv4-sp/hard\libc_nano.a(lib_a-reent.o)
                0x200007a8                errno
                0x200007ac                . = ALIGN (0x4)
                0x200007ac                __bss_end__ = .
                0x200007ac                __BSS_END = .

.heap           0x200007ac      0x404
                0x200007b0                . = ALIGN (0x8)
 *fill*         0x200007ac        0x4 
                0x200007b0                __end__ = .
                0x200007b0                __heap_start__ = .
                0x200007b0                PROVIDE (end, .)
                [!provide]                PROVIDE (_end, .)
                [!provide]                PROVIDE (__end, .)
                0x200007b0                __HeapBase = .
                0x20000bb0                . = (. + HEAP_SIZE)
 *fill*         0x200007b0      0x400 
                0x20000bb0                __HeapLimit = .
                0x20000bb0                __heap_limit = .
                0x20000bb0                __heap_end__ = .
                0x20007000                __StackTop = (ORIGIN (m_data_2) + LENGTH (m_data_2))
                0x20006c00                __StackLimit = (__StackTop - STACK_SIZE)
                0x20007000                PROVIDE (__stack, __StackTop)
                0x20007000                __RAM_END = __StackTop

.stack          0x20006c00      0x400
                0x20006c00                . = ALIGN (0x8)
                0x20006c00                __stack_start__ = .
                0x20007000                . = (. + STACK_SIZE)
 *fill*         0x20006c00      0x400 
                0x20007000                __stack_end__ = .

.ARM.attributes
                0x00000000       0x30
 *(.ARM.attributes)
 .ARM.attributes
                0x00000000       0x22 c:/nxp/s32ds_arm_v2.2/s32ds/build_tools/gcc_v6.3/gcc-6.3-arm32-eabi/bin/../lib/gcc/arm-none-eabi/6.3.1/thumb/v7e-m/fpv4-sp/hard/crti.o
 .ARM.attributes
                0x00000022       0x39 ./Conmunication_Matrix/CAN_3/DLL/DBCResolver3_ert_rtw/DBCResolver3.o
 .ARM.attributes
                0x0000005b       0x39 ./Conmunication_Matrix/Common/rtGetInf.o
 .ARM.attributes
                0x00000094       0x39 ./Conmunication_Matrix/Common/rtGetNaN.o
 .ARM.attributes
                0x000000cd       0x39 ./Conmunication_Matrix/Common/rt_nonfinite.o
 .ARM.attributes
                0x00000106       0x39 ./Generated_Code/can_pal0.o
 .ARM.attributes
                0x0000013f       0x39 ./Generated_Code/can_pal1.o
 .ARM.attributes
                0x00000178       0x39 ./Generated_Code/can_pal2.o
 .ARM.attributes
                0x000001b1       0x39 ./Generated_Code/clockMan1.o
 .ARM.attributes
                0x000001ea       0x39 ./Generated_Code/i2c1.o
 .ARM.attributes
                0x00000223       0x39 ./Generated_Code/lpuart1.o
 .ARM.attributes
                0x0000025c       0x39 ./Generated_Code/pin_mux.o
 .ARM.attributes
                0x00000295       0x1f ./Project_Settings/Startup_Code/startup_S32K144.o
 .ARM.attributes
                0x000002b4       0x39 ./SDK/platform/devices/S32K144/startup/system_S32K144.o
 .ARM.attributes
                0x000002ed       0x39 ./SDK/platform/devices/startup.o
 .ARM.attributes
                0x00000326       0x39 ./SDK/platform/drivers/src/clock/S32K1xx/clock_S32K1xx.o
 .ARM.attributes
                0x0000035f       0x39 ./SDK/platform/drivers/src/edma/edma_driver.o
 .ARM.attributes
                0x00000398       0x39 ./SDK/platform/drivers/src/edma/edma_hw_access.o
 .ARM.attributes
                0x000003d1       0x39 ./SDK/platform/drivers/src/edma/edma_irq.o
 .ARM.attributes
                0x0000040a       0x39 ./SDK/platform/drivers/src/flexcan/flexcan_driver.o
 .ARM.attributes
                0x00000443       0x39 ./SDK/platform/drivers/src/flexcan/flexcan_hw_access.o
 .ARM.attributes
                0x0000047c       0x39 ./SDK/platform/drivers/src/flexcan/flexcan_irq.o
 .ARM.attributes
                0x000004b5       0x39 ./SDK/platform/drivers/src/interrupt/interrupt_manager.o
 .ARM.attributes
                0x000004ee       0x39 ./SDK/platform/drivers/src/lpi2c/lpi2c_driver.o
 .ARM.attributes
                0x00000527       0x39 ./SDK/platform/drivers/src/lpi2c/lpi2c_hw_access.o
 .ARM.attributes
                0x00000560       0x39 ./SDK/platform/drivers/src/lpi2c/lpi2c_irq.o
 .ARM.attributes
                0x00000599       0x39 ./SDK/platform/drivers/src/lpuart/lpuart_driver.o
 .ARM.attributes
                0x000005d2       0x39 ./SDK/platform/drivers/src/lpuart/lpuart_hw_access.o
 .ARM.attributes
                0x0000060b       0x39 ./SDK/platform/drivers/src/lpuart/lpuart_irq.o
 .ARM.attributes
                0x00000644       0x39 ./SDK/platform/drivers/src/pins/pins_driver.o
 .ARM.attributes
                0x0000067d       0x39 ./SDK/platform/drivers/src/pins/pins_port_hw_access.o
 .ARM.attributes
                0x000006b6       0x39 ./SDK/platform/pal/src/can/can_pal.o
 .ARM.attributes
                0x000006ef       0x39 ./SDK/platform/pal/src/i2c/i2c_pal.o
 .ARM.attributes
                0x00000728       0x39 ./SDK/rtos/osif/osif_baremetal.o
 .ARM.attributes
                0x00000761       0x39 ./Sources/delay.o
 .ARM.attributes
                0x0000079a       0x39 ./Sources/font.o
 .ARM.attributes
                0x000007d3       0x39 ./Sources/key.o
 .ARM.attributes
                0x0000080c       0x39 ./Sources/main.o
 .ARM.attributes
                0x00000845       0x39 ./Sources/oled.o
 .ARM.attributes
                0x0000087e       0x39 ./Sources/uart.o
 .ARM.attributes
                0x000008b7       0x34 C:/NXP/S32DS_ARM_v2.2/S32DS/build_tools/gcc_v6.3/gcc-6.3-arm32-eabi/arm-none-eabi/newlib/lib/thumb/v7e-m/fpv4-sp/hard\libc_nano.a(lib_a-fflush.o)
 .ARM.attributes
                0x000008eb       0x34 C:/NXP/S32DS_ARM_v2.2/S32DS/build_tools/gcc_v6.3/gcc-6.3-arm32-eabi/arm-none-eabi/newlib/lib/thumb/v7e-m/fpv4-sp/hard\libc_nano.a(lib_a-findfp.o)
 .ARM.attributes
                0x0000091f       0x34 C:/NXP/S32DS_ARM_v2.2/S32DS/build_tools/gcc_v6.3/gcc-6.3-arm32-eabi/arm-none-eabi/newlib/lib/thumb/v7e-m/fpv4-sp/hard\libc_nano.a(lib_a-fwalk.o)
 .ARM.attributes
                0x00000953       0x34 C:/NXP/S32DS_ARM_v2.2/S32DS/build_tools/gcc_v6.3/gcc-6.3-arm32-eabi/arm-none-eabi/newlib/lib/thumb/v7e-m/fpv4-sp/hard\libc_nano.a(lib_a-impure.o)
 .ARM.attributes
                0x00000987       0x34 C:/NXP/S32DS_ARM_v2.2/S32DS/build_tools/gcc_v6.3/gcc-6.3-arm32-eabi/arm-none-eabi/newlib/lib/thumb/v7e-m/fpv4-sp/hard\libc_nano.a(lib_a-memset.o)
 .ARM.attributes
                0x000009bb       0x34 C:/NXP/S32DS_ARM_v2.2/S32DS/build_tools/gcc_v6.3/gcc-6.3-arm32-eabi/arm-none-eabi/newlib/lib/thumb/v7e-m/fpv4-sp/hard\libc_nano.a(lib_a-nano-freer.o)
 .ARM.attributes
                0x000009ef       0x34 C:/NXP/S32DS_ARM_v2.2/S32DS/build_tools/gcc_v6.3/gcc-6.3-arm32-eabi/arm-none-eabi/newlib/lib/thumb/v7e-m/fpv4-sp/hard\libc_nano.a(lib_a-nano-mallocr.o)
 .ARM.attributes
                0x00000a23       0x34 C:/NXP/S32DS_ARM_v2.2/S32DS/build_tools/gcc_v6.3/gcc-6.3-arm32-eabi/arm-none-eabi/newlib/lib/thumb/v7e-m/fpv4-sp/hard\libc_nano.a(lib_a-sbrkr.o)
 .ARM.attributes
                0x00000a57       0x34 C:/NXP/S32DS_ARM_v2.2/S32DS/build_tools/gcc_v6.3/gcc-6.3-arm32-eabi/arm-none-eabi/newlib/lib/thumb/v7e-m/fpv4-sp/hard\libc_nano.a(lib_a-sprintf.o)
 .ARM.attributes
                0x00000a8b       0x34 C:/NXP/S32DS_ARM_v2.2/S32DS/build_tools/gcc_v6.3/gcc-6.3-arm32-eabi/arm-none-eabi/newlib/lib/thumb/v7e-m/fpv4-sp/hard\libc_nano.a(lib_a-stdio.o)
 .ARM.attributes
                0x00000abf       0x1b C:/NXP/S32DS_ARM_v2.2/S32DS/build_tools/gcc_v6.3/gcc-6.3-arm32-eabi/arm-none-eabi/newlib/lib/thumb/v7e-m/fpv4-sp/hard\libc_nano.a(lib_a-strlen.o)
 .ARM.attributes
                0x00000ada       0x34 C:/NXP/S32DS_ARM_v2.2/S32DS/build_tools/gcc_v6.3/gcc-6.3-arm32-eabi/arm-none-eabi/newlib/lib/thumb/v7e-m/fpv4-sp/hard\libc_nano.a(lib_a-vsprintf.o)
 .ARM.attributes
                0x00000b0e       0x34 C:/NXP/S32DS_ARM_v2.2/S32DS/build_tools/gcc_v6.3/gcc-6.3-arm32-eabi/arm-none-eabi/newlib/lib/thumb/v7e-m/fpv4-sp/hard\libc_nano.a(lib_a-writer.o)
 .ARM.attributes
                0x00000b42       0x34 C:/NXP/S32DS_ARM_v2.2/S32DS/build_tools/gcc_v6.3/gcc-6.3-arm32-eabi/arm-none-eabi/newlib/lib/thumb/v7e-m/fpv4-sp/hard\libc_nano.a(lib_a-closer.o)
 .ARM.attributes
                0x00000b76       0x34 C:/NXP/S32DS_ARM_v2.2/S32DS/build_tools/gcc_v6.3/gcc-6.3-arm32-eabi/arm-none-eabi/newlib/lib/thumb/v7e-m/fpv4-sp/hard\libc_nano.a(lib_a-lseekr.o)
 .ARM.attributes
                0x00000baa       0x34 C:/NXP/S32DS_ARM_v2.2/S32DS/build_tools/gcc_v6.3/gcc-6.3-arm32-eabi/arm-none-eabi/newlib/lib/thumb/v7e-m/fpv4-sp/hard\libc_nano.a(lib_a-mlock.o)
 .ARM.attributes
                0x00000bde       0x34 C:/NXP/S32DS_ARM_v2.2/S32DS/build_tools/gcc_v6.3/gcc-6.3-arm32-eabi/arm-none-eabi/newlib/lib/thumb/v7e-m/fpv4-sp/hard\libc_nano.a(lib_a-nano-svfprintf.o)
 .ARM.attributes
                0x00000c12       0x34 C:/NXP/S32DS_ARM_v2.2/S32DS/build_tools/gcc_v6.3/gcc-6.3-arm32-eabi/arm-none-eabi/newlib/lib/thumb/v7e-m/fpv4-sp/hard\libc_nano.a(lib_a-nano-vfprintf_i.o)
 .ARM.attributes
                0x00000c46       0x34 C:/NXP/S32DS_ARM_v2.2/S32DS/build_tools/gcc_v6.3/gcc-6.3-arm32-eabi/arm-none-eabi/newlib/lib/thumb/v7e-m/fpv4-sp/hard\libc_nano.a(lib_a-readr.o)
 .ARM.attributes
                0x00000c7a       0x34 C:/NXP/S32DS_ARM_v2.2/S32DS/build_tools/gcc_v6.3/gcc-6.3-arm32-eabi/arm-none-eabi/newlib/lib/thumb/v7e-m/fpv4-sp/hard\libc_nano.a(lib_a-reent.o)
 .ARM.attributes
                0x00000cae       0x20 C:/NXP/S32DS_ARM_v2.2/S32DS/build_tools/gcc_v6.3/gcc-6.3-arm32-eabi/arm-none-eabi/newlib/lib/thumb/v7e-m/fpv4-sp/hard\libc_nano.a(lib_a-memchr.o)
 .ARM.attributes
                0x00000cce       0x34 C:/NXP/S32DS_ARM_v2.2/S32DS/build_tools/gcc_v6.3/gcc-6.3-arm32-eabi/arm-none-eabi/newlib/lib/thumb/v7e-m/fpv4-sp/hard\libc_nano.a(lib_a-memcpy-stub.o)
 .ARM.attributes
                0x00000d02       0x34 C:/NXP/S32DS_ARM_v2.2/S32DS/build_tools/gcc_v6.3/gcc-6.3-arm32-eabi/arm-none-eabi/newlib/lib/thumb/v7e-m/fpv4-sp/hard\libc_nano.a(lib_a-memmove.o)
 .ARM.attributes
                0x00000d36       0x34 C:/NXP/S32DS_ARM_v2.2/S32DS/build_tools/gcc_v6.3/gcc-6.3-arm32-eabi/arm-none-eabi/newlib/lib/thumb/v7e-m/fpv4-sp/hard\libc_nano.a(lib_a-nano-reallocr.o)
 .ARM.attributes
                0x00000d6a       0x34 C:/NXP/S32DS_ARM_v2.2/S32DS/build_tools/gcc_v6.3/gcc-6.3-arm32-eabi/arm-none-eabi/newlib/lib/thumb/v7e-m/fpv4-sp/hard\libc_nano.a(lib_a-nano-msizer.o)
 .ARM.attributes
                0x00000d9e       0x34 C:/NXP/S32DS_ARM_v2.2/S32DS/build_tools/gcc_v6.3/gcc-6.3-arm32-eabi/arm-none-eabi/newlib/lib/thumb/v7e-m/fpv4-sp/hard\libnosys.a(close.o)
 .ARM.attributes
                0x00000dd2       0x34 C:/NXP/S32DS_ARM_v2.2/S32DS/build_tools/gcc_v6.3/gcc-6.3-arm32-eabi/arm-none-eabi/newlib/lib/thumb/v7e-m/fpv4-sp/hard\libnosys.a(lseek.o)
 .ARM.attributes
                0x00000e06       0x34 C:/NXP/S32DS_ARM_v2.2/S32DS/build_tools/gcc_v6.3/gcc-6.3-arm32-eabi/arm-none-eabi/newlib/lib/thumb/v7e-m/fpv4-sp/hard\libnosys.a(read.o)
 .ARM.attributes
                0x00000e3a       0x34 C:/NXP/S32DS_ARM_v2.2/S32DS/build_tools/gcc_v6.3/gcc-6.3-arm32-eabi/arm-none-eabi/newlib/lib/thumb/v7e-m/fpv4-sp/hard\libnosys.a(sbrk.o)
 .ARM.attributes
                0x00000e6e       0x34 C:/NXP/S32DS_ARM_v2.2/S32DS/build_tools/gcc_v6.3/gcc-6.3-arm32-eabi/arm-none-eabi/newlib/lib/thumb/v7e-m/fpv4-sp/hard\libnosys.a(write.o)
                0x00000001                ASSERT ((__StackLimit >= __HeapLimit), region m_data_2 overflowed with stack and heap)
OUTPUT(s32k144_Demo_CAN.elf elf32-littlearm)

.debug_info     0x00000000    0x471af
 .debug_info    0x00000000     0xb4ab ./Conmunication_Matrix/CAN_3/DLL/DBCResolver3_ert_rtw/DBCResolver3.o
 .debug_info    0x0000b4ab      0x26c ./Conmunication_Matrix/Common/rtGetInf.o
 .debug_info    0x0000b717      0x1e1 ./Conmunication_Matrix/Common/rtGetNaN.o
 .debug_info    0x0000b8f8      0x355 ./Conmunication_Matrix/Common/rt_nonfinite.o
 .debug_info    0x0000bc4d     0x1ed2 ./Generated_Code/can_pal0.o
 .debug_info    0x0000db1f     0x1ed2 ./Generated_Code/can_pal1.o
 .debug_info    0x0000f9f1     0x1ed2 ./Generated_Code/can_pal2.o
 .debug_info    0x000118c3     0x1ffa ./Generated_Code/clockMan1.o
 .debug_info    0x000138bd     0x1ed2 ./Generated_Code/i2c1.o
 .debug_info    0x0001578f     0x1ed2 ./Generated_Code/lpuart1.o
 .debug_info    0x00017661      0x406 ./Generated_Code/pin_mux.o
 .debug_info    0x00017a67       0x26 ./Project_Settings/Startup_Code/startup_S32K144.o
 .debug_info    0x00017a8d      0x521 ./SDK/platform/devices/S32K144/startup/system_S32K144.o
 .debug_info    0x00017fae      0x2ad ./SDK/platform/devices/startup.o
 .debug_info    0x0001825b     0x5aaa ./SDK/platform/drivers/src/clock/S32K1xx/clock_S32K1xx.o
 .debug_info    0x0001dd05     0x3771 ./SDK/platform/drivers/src/edma/edma_driver.o
 .debug_info    0x00021476      0x960 ./SDK/platform/drivers/src/edma/edma_hw_access.o
 .debug_info    0x00021dd6      0x6db ./SDK/platform/drivers/src/edma/edma_irq.o
 .debug_info    0x000224b1     0x4fe1 ./SDK/platform/drivers/src/flexcan/flexcan_driver.o
 .debug_info    0x00027492     0x1d43 ./SDK/platform/drivers/src/flexcan/flexcan_hw_access.o
 .debug_info    0x000291d5      0x275 ./SDK/platform/drivers/src/flexcan/flexcan_irq.o
 .debug_info    0x0002944a      0x8bd ./SDK/platform/drivers/src/interrupt/interrupt_manager.o
 .debug_info    0x00029d07     0x562f ./SDK/platform/drivers/src/lpi2c/lpi2c_driver.o
 .debug_info    0x0002f336      0x433 ./SDK/platform/drivers/src/lpi2c/lpi2c_hw_access.o
 .debug_info    0x0002f769       0xdc ./SDK/platform/drivers/src/lpi2c/lpi2c_irq.o
 .debug_info    0x0002f845     0x2fe8 ./SDK/platform/drivers/src/lpuart/lpuart_driver.o
 .debug_info    0x0003282d      0x96c ./SDK/platform/drivers/src/lpuart/lpuart_hw_access.o
 .debug_info    0x00033199      0x127 ./SDK/platform/drivers/src/lpuart/lpuart_irq.o
 .debug_info    0x000332c0     0x13d8 ./SDK/platform/drivers/src/pins/pins_driver.o
 .debug_info    0x00034698      0x8a8 ./SDK/platform/drivers/src/pins/pins_port_hw_access.o
 .debug_info    0x00034f40     0x1add ./SDK/platform/pal/src/can/can_pal.o
 .debug_info    0x00036a1d     0x15c3 ./SDK/platform/pal/src/i2c/i2c_pal.o
 .debug_info    0x00037fe0      0xa9e ./SDK/rtos/osif/osif_baremetal.o
 .debug_info    0x00038a7e     0x2067 ./Sources/delay.o
 .debug_info    0x0003aae5       0xb7 ./Sources/font.o
 .debug_info    0x0003ab9c     0x27ff ./Sources/key.o
 .debug_info    0x0003d39b     0x4949 ./Sources/main.o
 .debug_info    0x00041ce4     0x2cdb ./Sources/oled.o
 .debug_info    0x000449bf     0x27f0 ./Sources/uart.o

.debug_abbrev   0x00000000     0x4ac9
 .debug_abbrev  0x00000000      0x225 ./Conmunication_Matrix/CAN_3/DLL/DBCResolver3_ert_rtw/DBCResolver3.o
 .debug_abbrev  0x00000225       0xf3 ./Conmunication_Matrix/Common/rtGetInf.o
 .debug_abbrev  0x00000318       0xe4 ./Conmunication_Matrix/Common/rtGetNaN.o
 .debug_abbrev  0x000003fc      0x15a ./Conmunication_Matrix/Common/rt_nonfinite.o
 .debug_abbrev  0x00000556      0x136 ./Generated_Code/can_pal0.o
 .debug_abbrev  0x0000068c      0x136 ./Generated_Code/can_pal1.o
 .debug_abbrev  0x000007c2      0x136 ./Generated_Code/can_pal2.o
 .debug_abbrev  0x000008f8      0x143 ./Generated_Code/clockMan1.o
 .debug_abbrev  0x00000a3b      0x136 ./Generated_Code/i2c1.o
 .debug_abbrev  0x00000b71      0x136 ./Generated_Code/lpuart1.o
 .debug_abbrev  0x00000ca7       0xca ./Generated_Code/pin_mux.o
 .debug_abbrev  0x00000d71       0x14 ./Project_Settings/Startup_Code/startup_S32K144.o
 .debug_abbrev  0x00000d85      0x140 ./SDK/platform/devices/S32K144/startup/system_S32K144.o
 .debug_abbrev  0x00000ec5       0xe0 ./SDK/platform/devices/startup.o
 .debug_abbrev  0x00000fa5      0x3e3 ./SDK/platform/drivers/src/clock/S32K1xx/clock_S32K1xx.o
 .debug_abbrev  0x00001388      0x422 ./SDK/platform/drivers/src/edma/edma_driver.o
 .debug_abbrev  0x000017aa      0x205 ./SDK/platform/drivers/src/edma/edma_hw_access.o
 .debug_abbrev  0x000019af      0x1b8 ./SDK/platform/drivers/src/edma/edma_irq.o
 .debug_abbrev  0x00001b67      0x428 ./SDK/platform/drivers/src/flexcan/flexcan_driver.o
 .debug_abbrev  0x00001f8f      0x38a ./SDK/platform/drivers/src/flexcan/flexcan_hw_access.o
 .debug_abbrev  0x00002319       0x6c ./SDK/platform/drivers/src/flexcan/flexcan_irq.o
 .debug_abbrev  0x00002385      0x1ce ./SDK/platform/drivers/src/interrupt/interrupt_manager.o
 .debug_abbrev  0x00002553      0x43e ./SDK/platform/drivers/src/lpi2c/lpi2c_driver.o
 .debug_abbrev  0x00002991      0x161 ./SDK/platform/drivers/src/lpi2c/lpi2c_hw_access.o
 .debug_abbrev  0x00002af2       0x6c ./SDK/platform/drivers/src/lpi2c/lpi2c_irq.o
 .debug_abbrev  0x00002b5e      0x3a4 ./SDK/platform/drivers/src/lpuart/lpuart_driver.o
 .debug_abbrev  0x00002f02      0x1d0 ./SDK/platform/drivers/src/lpuart/lpuart_hw_access.o
 .debug_abbrev  0x000030d2       0xb9 ./SDK/platform/drivers/src/lpuart/lpuart_irq.o
 .debug_abbrev  0x0000318b      0x2db ./SDK/platform/drivers/src/pins/pins_driver.o
 .debug_abbrev  0x00003466      0x1f5 ./SDK/platform/drivers/src/pins/pins_port_hw_access.o
 .debug_abbrev  0x0000365b      0x2fb ./SDK/platform/pal/src/can/can_pal.o
 .debug_abbrev  0x00003956      0x24c ./SDK/platform/pal/src/i2c/i2c_pal.o